Component: ARM Compiler 5.06 update 6 (build 750) Tool: armlink [4d35ed]

==============================================================================

Section Cross References

    startup_stm32f103xb.o(STACK) refers (Special) to heapauxi.o(.text) for __use_two_region_memory
    startup_stm32f103xb.o(HEAP) refers (Special) to heapauxi.o(.text) for __use_two_region_memory
    startup_stm32f103xb.o(RESET) refers (Special) to heapauxi.o(.text) for __use_two_region_memory
    startup_stm32f103xb.o(RESET) refers to startup_stm32f103xb.o(STACK) for __initial_sp
    startup_stm32f103xb.o(RESET) refers to startup_stm32f103xb.o(.text) for Reset_Handler
    startup_stm32f103xb.o(RESET) refers to stm32f1xx_it.o(i.NMI_Handler) for NMI_Handler
    startup_stm32f103xb.o(RESET) refers to stm32f1xx_it.o(i.HardFault_Handler) for HardFault_Handler
    startup_stm32f103xb.o(RESET) refers to stm32f1xx_it.o(i.MemManage_Handler) for MemManage_Handler
    startup_stm32f103xb.o(RESET) refers to stm32f1xx_it.o(i.BusFault_Handler) for BusFault_Handler
    startup_stm32f103xb.o(RESET) refers to stm32f1xx_it.o(i.UsageFault_Handler) for UsageFault_Handler
    startup_stm32f103xb.o(RESET) refers to stm32f1xx_it.o(i.SVC_Handler) for SVC_Handler
    startup_stm32f103xb.o(RESET) refers to stm32f1xx_it.o(i.DebugMon_Handler) for DebugMon_Handler
    startup_stm32f103xb.o(RESET) refers to stm32f1xx_it.o(i.PendSV_Handler) for PendSV_Handler
    startup_stm32f103xb.o(RESET) refers to stm32f1xx_it.o(i.SysTick_Handler) for SysTick_Handler
    startup_stm32f103xb.o(RESET) refers to stm32f1xx_it.o(i.ADC1_2_IRQHandler) for ADC1_2_IRQHandler
    startup_stm32f103xb.o(RESET) refers to stm32f1xx_it.o(i.USB_LP_CAN1_RX0_IRQHandler) for USB_LP_CAN1_RX0_IRQHandler
    startup_stm32f103xb.o(.text) refers (Special) to heapauxi.o(.text) for __use_two_region_memory
    startup_stm32f103xb.o(.text) refers to system_stm32f1xx.o(i.SystemInit) for SystemInit
    startup_stm32f103xb.o(.text) refers to __main.o(!!!main) for __main
    startup_stm32f103xb.o(.text) refers to startup_stm32f103xb.o(HEAP) for Heap_Mem
    startup_stm32f103xb.o(.text) refers to startup_stm32f103xb.o(STACK) for Stack_Mem
    clcd_i2c.o(i.CLCD_I2C_BlinkOff) refers to clcd_i2c.o(i.CLCD_WriteI2C) for CLCD_WriteI2C
    clcd_i2c.o(i.CLCD_I2C_BlinkOn) refers to clcd_i2c.o(i.CLCD_WriteI2C) for CLCD_WriteI2C
    clcd_i2c.o(i.CLCD_I2C_Clear) refers to clcd_i2c.o(i.CLCD_WriteI2C) for CLCD_WriteI2C
    clcd_i2c.o(i.CLCD_I2C_Clear) refers to stm32f1xx_hal.o(i.HAL_Delay) for HAL_Delay
    clcd_i2c.o(i.CLCD_I2C_CursorOff) refers to clcd_i2c.o(i.CLCD_WriteI2C) for CLCD_WriteI2C
    clcd_i2c.o(i.CLCD_I2C_CursorOn) refers to clcd_i2c.o(i.CLCD_WriteI2C) for CLCD_WriteI2C
    clcd_i2c.o(i.CLCD_I2C_Init) refers to stm32f1xx_hal.o(i.HAL_Delay) for HAL_Delay
    clcd_i2c.o(i.CLCD_I2C_Init) refers to clcd_i2c.o(i.CLCD_WriteI2C) for CLCD_WriteI2C
    clcd_i2c.o(i.CLCD_I2C_ReturnHome) refers to clcd_i2c.o(i.CLCD_WriteI2C) for CLCD_WriteI2C
    clcd_i2c.o(i.CLCD_I2C_ReturnHome) refers to stm32f1xx_hal.o(i.HAL_Delay) for HAL_Delay
    clcd_i2c.o(i.CLCD_I2C_SetCursor) refers to clcd_i2c.o(i.CLCD_WriteI2C) for CLCD_WriteI2C
    clcd_i2c.o(i.CLCD_I2C_WriteChar) refers to clcd_i2c.o(i.CLCD_WriteI2C) for CLCD_WriteI2C
    clcd_i2c.o(i.CLCD_I2C_WriteString) refers to clcd_i2c.o(i.CLCD_I2C_WriteChar) for CLCD_I2C_WriteChar
    clcd_i2c.o(i.CLCD_WriteI2C) refers to stm32f1xx_hal.o(i.HAL_Delay) for HAL_Delay
    clcd_i2c.o(i.CLCD_WriteI2C) refers to stm32f1xx_hal_i2c.o(i.HAL_I2C_Master_Transmit) for HAL_I2C_Master_Transmit
    main.o(i.HAL_ADC_ConvCpltCallback) refers to stm32f1xx_hal_adc.o(i.HAL_ADC_GetValue) for HAL_ADC_GetValue
    main.o(i.HAL_ADC_ConvCpltCallback) refers to dflt_clz.o(x$fpl$dfltu) for __aeabi_ui2d
    main.o(i.HAL_ADC_ConvCpltCallback) refers to dmul.o(x$fpl$dmul) for __aeabi_dmul
    main.o(i.HAL_ADC_ConvCpltCallback) refers to ddiv.o(x$fpl$ddiv) for __aeabi_ddiv
    main.o(i.HAL_ADC_ConvCpltCallback) refers to d2f.o(x$fpl$d2f) for __aeabi_d2f
    main.o(i.HAL_ADC_ConvCpltCallback) refers to main.o(.bss) for .bss
    main.o(i.HAL_ADC_ConvCpltCallback) refers to main.o(.data) for .data
    main.o(i.MX_ADC1_Init) refers to stm32f1xx_hal_adc.o(i.HAL_ADC_Init) for HAL_ADC_Init
    main.o(i.MX_ADC1_Init) refers to stm32f1xx_hal_adc.o(i.HAL_ADC_ConfigChannel) for HAL_ADC_ConfigChannel
    main.o(i.MX_ADC1_Init) refers to main.o(.bss) for .bss
    main.o(i.MX_GPIO_Init) refers to stm32f1xx_hal_gpio.o(i.HAL_GPIO_WritePin) for HAL_GPIO_WritePin
    main.o(i.MX_GPIO_Init) refers to stm32f1xx_hal_gpio.o(i.HAL_GPIO_Init) for HAL_GPIO_Init
    main.o(i.SystemClock_Config) refers to rt_memclr_w.o(.text) for __aeabi_memclr4
    main.o(i.SystemClock_Config) refers to stm32f1xx_hal_rcc.o(i.HAL_RCC_OscConfig) for HAL_RCC_OscConfig
    main.o(i.SystemClock_Config) refers to stm32f1xx_hal_rcc.o(i.HAL_RCC_ClockConfig) for HAL_RCC_ClockConfig
[...]
    i.USBD_LL_OpenEP                         0x080046e6   Section        0  usbd_conf.o(i.USBD_LL_OpenEP)
    i.USBD_LL_PrepareReceive                 0x080046fe   Section        0  usbd_conf.o(i.USBD_LL_PrepareReceive)
    i.USBD_LL_Reset                          0x08004710   Section        0  usbd_core.o(i.USBD_LL_Reset)
    i.USBD_LL_Resume                         0x08004760   Section        0  usbd_core.o(i.USBD_LL_Resume)
    i.USBD_LL_SOF                            0x08004774   Section        0  usbd_core.o(i.USBD_LL_SOF)
    i.USBD_LL_SetSpeed                       0x0800478c   Section        0  usbd_core.o(i.USBD_LL_SetSpeed)
    i.USBD_LL_SetUSBAddress                  0x08004792   Section        0  usbd_conf.o(i.USBD_LL_SetUSBAddress)
    i.USBD_LL_SetupStage                     0x080047a4   Section        0  usbd_core.o(i.USBD_LL_SetupStage)
    i.USBD_LL_StallEP                        0x080047fe   Section        0  usbd_conf.o(i.USBD_LL_StallEP)
    i.USBD_LL_Start                          0x08004810   Section        0  usbd_conf.o(i.USBD_LL_Start)
    i.USBD_LL_Suspend                        0x08004822   Section        0  usbd_core.o(i.USBD_LL_Suspend)
    i.USBD_LL_Transmit                       0x08004834   Section        0  usbd_conf.o(i.USBD_LL_Transmit)
    i.USBD_ParseSetupRequest                 0x08004846   Section        0  usbd_ctlreq.o(i.USBD_ParseSetupRequest)
    i.USBD_RegisterClass                     0x0800486e   Section        0  usbd_core.o(i.USBD_RegisterClass)
    i.USBD_SetClassConfig                    0x0800487e   Section        0  usbd_core.o(i.USBD_SetClassConfig)
    i.USBD_SetConfig                         0x08004894   Section        0  usbd_ctlreq.o(i.USBD_SetConfig)
    USBD_SetConfig                           0x08004895   Thumb Code   128  usbd_ctlreq.o(i.USBD_SetConfig)
    i.USBD_Start                             0x08004918   Section        0  usbd_core.o(i.USBD_Start)
    i.USBD_StdDevReq                         0x08004922   Section        0  usbd_ctlreq.o(i.USBD_StdDevReq)
    i.USBD_StdEPReq                          0x08004a34   Section        0  usbd_ctlreq.o(i.USBD_StdEPReq)
    i.USBD_StdItfReq                         0x08004b84   Section        0  usbd_ctlreq.o(i.USBD_StdItfReq)
    i.USBD_static_free                       0x08004bd2   Section        0  usbd_conf.o(i.USBD_static_free)
    i.USBD_static_malloc                     0x08004bd4   Section        0  usbd_conf.o(i.USBD_static_malloc)
    i.USB_ActivateEndpoint                   0x08004bdc   Section        0  stm32f1xx_ll_usb.o(i.USB_ActivateEndpoint)
    i.USB_CoreInit                           0x08004e78   Section        0  stm32f1xx_ll_usb.o(i.USB_CoreInit)
    i.USB_DeactivateEndpoint                 0x08004e7c   Section        0  stm32f1xx_ll_usb.o(i.USB_DeactivateEndpoint)
    i.USB_DevConnect                         0x08004f8a   Section        0  stm32f1xx_ll_usb.o(i.USB_DevConnect)
    i.USB_DevDisconnect                      0x08004f8e   Section        0  stm32f1xx_ll_usb.o(i.USB_DevDisconnect)
    i.USB_DevInit                            0x08004f92   Section        0  stm32f1xx_ll_usb.o(i.USB_DevInit)
    i.USB_DisableGlobalInt                   0x08004fa4   Section        0  stm32f1xx_ll_usb.o(i.USB_DisableGlobalInt)
    i.USB_EP0_OutStart                       0x08004fb2   Section        0  stm32f1xx_ll_usb.o(i.USB_EP0_OutStart)
    i.USB_EPClearStall                       0x08004fb6   Section        0  stm32f1xx_ll_usb.o(i.USB_EPClearStall)
    i.USB_EPSetStall                         0x0800502e   Section        0  stm32f1xx_ll_usb.o(i.USB_EPSetStall)
    i.USB_EPStartXfer                        0x08005060   Section        0  stm32f1xx_ll_usb.o(i.USB_EPStartXfer)
    i.USB_EnableGlobalInt                    0x08005542   Section        0  stm32f1xx_ll_usb.o(i.USB_EnableGlobalInt)
    i.USB_LP_CAN1_RX0_IRQHandler             0x08005554   Section        0  stm32f1xx_it.o(i.USB_LP_CAN1_RX0_IRQHandler)
    i.USB_ReadInterrupts                     0x08005560   Section        0  stm32f1xx_ll_usb.o(i.USB_ReadInterrupts)
    i.USB_ReadPMA                            0x08005568   Section        0  stm32f1xx_ll_usb.o(i.USB_ReadPMA)
    i.USB_SetCurrentMode                     0x08005594   Section        0  stm32f1xx_ll_usb.o(i.USB_SetCurrentMode)
    i.USB_SetDevAddress                      0x08005598   Section        0  stm32f1xx_ll_usb.o(i.USB_SetDevAddress)
    i.USB_WritePMA                           0x080055a4   Section        0  stm32f1xx_ll_usb.o(i.USB_WritePMA)
    i.UsageFault_Handler                     0x080055ca   Section        0  stm32f1xx_it.o(i.UsageFault_Handler)
    i.__ARM_fpclassify                       0x080055cc   Section        0  fpclassify.o(i.__ARM_fpclassify)
    i.__NVIC_SetPriority                     0x080055f4   Section        0  stm32f1xx_hal_cortex.o(i.__NVIC_SetPriority)
    __NVIC_SetPriority                       0x080055f5   Thumb Code    32  stm32f1xx_hal_cortex.o(i.__NVIC_SetPriority)
    i._is_digit                              0x08005614   Section        0  __printf_wp.o(i._is_digit)
    i.main                                   0x08005624   Section        0  main.o(i.main)
    locale$$code                             0x08005930   Section       44  lc_numeric_c.o(locale$$code)
    x$fpl$d2f                                0x0800595c   Section       98  d2f.o(x$fpl$d2f)
    x$fpl$ddiv                               0x080059c0   Section      688  ddiv.o(x$fpl$ddiv)
    ddiv_entry                               0x080059c7   Thumb Code     0  ddiv.o(x$fpl$ddiv)
    x$fpl$dfltu                              0x08005c70   Section       38  dflt_clz.o(x$fpl$dfltu)
    x$fpl$dmul                               0x08005c98   Section      340  dmul.o(x$fpl$dmul)
    x$fpl$dnaninf                            0x08005dec   Section      156  dnaninf.o(x$fpl$dnaninf)
    x$fpl$dretinf                            0x08005e88   Section       12  dretinf.o(x$fpl$dretinf)
    x$fpl$f2d                                0x08005e94   Section       86  f2d.o(x$fpl$f2d)
    x$fpl$fadd                               0x08005eec   Section      196  faddsub_clz.o(x$fpl$fadd)
    _fadd1                                   0x08005efb   Thumb Code     0  faddsub_clz.o(x$fpl$fadd)
    x$fpl$fmul                               0x08005fb0   Section      258  fmul.o(x$fpl$fmul)
    x$fpl$fnaninf                            0x080060b2   Section      140  fnaninf.o(x$fpl$fnaninf)
    x$fpl$fretinf                            0x0800613e   Section       10  fretinf.o(x$fpl$fretinf)
    x$fpl$fsub                               0x08006148   Section      234  faddsub_clz.o(x$fpl$fsub)
    _fsub1                                   0x08006157   Thumb Code     0  faddsub_clz.o(x$fpl$fsub)
    x$fpl$printf1                            0x08006232   Section        4  printf1.o(x$fpl$printf1)
    .constdata                               0x08006236   Section       18  stm32f1xx_hal_rcc.o(.constdata)
    x$fpl$usenofp                            0x08006236   Section        0  usenofp.o(x$fpl$usenofp)
    aPredivFactorTable                       0x08006236   Data           2  stm32f1xx_hal_rcc.o(.constdata)
    aPLLMULFactorTable                       0x08006238   Data          16  stm32f1xx_hal_rcc.o(.constdata)
    .constdata                               0x08006248   Section       16  system_stm32f1xx.o(.constdata)
    .constdata                               0x08006258   Section        8  system_stm32f1xx.o(.constdata)
    .constdata                               0x08006260   Section      148  bigflt0.o(.constdata)
    tenpwrs_x                                0x08006260   Data          60  bigflt0.o(.constdata)
    tenpwrs_i                                0x0800629c   Data          64  bigflt0.o(.constdata)
    locale$$data                             0x08006314   Section       28  lc_numeric_c.o(locale$$data)
    __lcnum_c_name                           0x08006318   Data           2  lc_numeric_c.o(locale$$data)
    __lcnum_c_start                          0x08006320   Data           0  lc_numeric_c.o(locale$$data)
    __lcnum_c_point                          0x0800632c   Data           0  lc_numeric_c.o(locale$$data)
    __lcnum_c_thousands                      0x0800632e   Data           0  lc_numeric_c.o(locale$$data)
    __lcnum_c_grouping                       0x0800632f   Data           0  lc_numeric_c.o(locale$$data)
    __lcnum_c_end                            0x08006330   Data           0  lc_numeric_c.o(locale$$data)
    .data                                    0x20000000   Section       28  main.o(.data)
    .data                                    0x2000001c   Section       28  usbd_desc.o(.data)
    .data                                    0x20000038   Section       50  usbd_desc.o(.data)
    .data                                    0x2000006c   Section       16  usbd_cdc_if.o(.data)
    .data                                    0x2000007c   Section       12  stm32f1xx_hal.o(.data)
    .data                                    0x20000088   Section        4  system_stm32f1xx.o(.data)
    .data                                    0x2000008c   Section        1  usbd_ctlreq.o(.data)
    cfgidx                                   0x2000008c   Data           1  usbd_ctlreq.o(.data)
    .data                                    0x20000090   Section      215  usbd_cdc.o(.data)
    USBD_CDC_DeviceQualifierDesc             0x20000090   Data          10  usbd_cdc.o(.data)
    .data                                    0x20000168   Section       56  usbd_cdc.o(.data)
    .bss                                     0x200001a0   Section      344  main.o(.bss)
    .bss                                     0x200002f8   Section      708  usb_device.o(.bss)
    .bss                                     0x200005bc   Section      512  usbd_desc.o(.bss)
    .bss                                     0x200007bc   Section      128  usbd_cdc_if.o(.bss)
    .bss                                     0x2000083c   Section     1272  usbd_conf.o(.bss)
    mem                                      0x2000083c   Data         544  usbd_conf.o(.bss)
    .bss                                     0x20000d34   Section       96  libspace.o(.bss)
    HEAP                                     0x20000d98   Section      512  startup_stm32f103xb.o(HEAP)
    Heap_Mem                                 0x20000d98   Data         512  startup_stm32f103xb.o(HEAP)
    STACK                                    0x20000f98   Section     1024  startup_stm32f103xb.o(STACK)
    Stack_Mem                                0x20000f98   Data        1024  startup_stm32f103xb.o(STACK)
    __initial_sp                             0x20001398   Data           0  startup_stm32f103xb.o(STACK)

    Global Symbols

    Symbol Name                              Value     Ov Type        Size  Object(Section)

    BuildAttributes$$THM_ISAv4$P$D$K$B$S$PE$A:L22UL41UL21$X:L11$S22US41US21$IEEE1$IW$USESV6$~STKCKD$USESV7$~SHL$OTIME$ROPI$IEEEJ$EBA8$UX$STANDARDLIB$REQ8$PRES8$EABIv2 0x00000000   Number         0  anon$$obj.o ABSOLUTE
    __ARM_use_no_argv                        0x00000000   Number         0  main.o ABSOLUTE
    _printf_flags                            0x00000000   Number         0  printf_stubs.o ABSOLUTE
    _printf_return_value                     0x00000000   Number         0  printf_stubs.o ABSOLUTE
    _printf_sizespec                         0x00000000   Number         0  printf_stubs.o ABSOLUTE
    _printf_widthprec                        0x00000000   Number         0  printf_stubs.o ABSOLUTE
    __ARM_exceptions_init                     - Undefined Weak Reference
    __alloca_initialize                       - Undefined Weak Reference
    __arm_preinit_                            - Undefined Weak Reference
    __cpp_initialize__aeabi_                  - Undefined Weak Reference
    __cxa_finalize                            - Undefined Weak Reference
    __sigvec_lookup                           - Undefined Weak Reference
    _atexit_init                              - Undefined Weak Reference
    _call_atexit_fns                          - Undefined Weak Reference
    _clock_init                               - Undefined Weak Reference
    _fp_trap_init                             - Undefined Weak Reference
    _fp_trap_shutdown                         - Undefined Weak Reference
    _get_lc_collate                           - Undefined Weak Reference
    _get_lc_ctype                             - Undefined Weak Reference
    _get_lc_monetary                          - Undefined Weak Reference
    _get_lc_time                              - Undefined Weak Reference
    _getenv_init                              - Undefined Weak Reference
    _handle_redirection                       - Undefined Weak Reference
    _init_alloc                               - Undefined Weak Reference
    _init_user_alloc                          - Undefined Weak Reference
    _initio                                   - Undefined Weak Reference
    _printf_post_padding                      - Undefined Weak Reference
    _printf_pre_padding                       - Undefined Weak Reference
    _rand_init                                - Undefined Weak Reference
    _signal_finish                            - Undefined Weak Reference
    _signal_init                              - Undefined Weak Reference
    _terminate_alloc                          - Undefined Weak Reference
    _terminate_user_alloc                     - Undefined Weak Reference
    _terminateio                              - Undefined Weak Reference
    __Vectors_Size                           0x000000ec   Number         0  startup_stm32f103xb.o ABSOLUTE
    __Vectors                                0x08000000   Data           4  startup_stm32f103xb.o(RESET)
    __Vectors_End                            0x080000ec   Data           0  startup_stm32f103xb.o(RESET)
    __main                                   0x080000ed   Thumb Code     8  __main.o(!!!main)
    __scatterload                            0x080000f5   Thumb Code     0  __scatter.o(!!!scatter)
    __scatterload_rt2                        0x080000f5   Thumb Code    44  __scatter.o(!!!scatter)
    __scatterload_rt2_thumb_only             0x080000f5   Thumb Code     0  __scatter.o(!!!scatter)
    __scatterload_null                       0x08000103   Thumb Code     0  __scatter.o(!!!scatter)
    __decompress                             0x08000129   Thumb Code    90  __dczerorl2.o(!!dczerorl2)
    __decompress1                            0x08000129   Thumb Code     0  __dczerorl2.o(!!dczerorl2)
    __scatterload_zeroinit                   0x08000185   Thumb Code    28  __scatter_zi.o(!!handler_zi)
    _printf_f                                0x080001a1   Thumb Code     0  _printf_f.o(.ARM.Collect$$_printf_percent$$00000003)
    _printf_percent                          0x080001a1   Thumb Code     0  _printf_percent.o(.ARM.Collect$$_printf_percent$$00000000)
    _printf_percent_end                      0x080001a7   Thumb Code     0  _printf_percent_end.o(.ARM.Collect$$_printf_percent$$00000017)
    __rt_lib_init                            0x080001ab   Thumb Code     0  libinit.o(.ARM.Collect$$libinit$$00000000)
    __rt_lib_init_fp_1                       0x080001ad   Thumb Code     0  libinit2.o(.ARM.Collect$$libinit$$00000002)
    __rt_lib_init_heap_1                     0x080001ad   Thumb Code     0  libinit2.o(.ARM.Collect$$libinit$$0000000A)
    __rt_lib_init_lc_common                  0x080001ad   Thumb Code     0  libinit2.o(.ARM.Collect$$libinit$$0000000F)
    __rt_lib_init_preinit_1                  0x080001ad   Thumb Code     0  libinit2.o(.ARM.Collect$$libinit$$00000004)
    __rt_lib_init_rand_1                     0x080001ad   Thumb Code     0  libinit2.o(.ARM.Collect$$libinit$$0000000E)
    __rt_lib_init_user_alloc_1               0x080001ad   Thumb Code     0  libinit2.o(.ARM.Collect$$libinit$$0000000C)
    __rt_lib_init_lc_collate_1               0x080001b3   Thumb Code     0  libinit2.o(.ARM.Collect$$libinit$$00000011)
    __rt_lib_init_lc_ctype_1                 0x080001b3   Thumb Code     0  libinit2.o(.ARM.Collect$$libinit$$00000013)
    __rt_lib_init_lc_monetary_1              0x080001b3   Thumb Code     0  libinit2.o(.ARM.Collect$$libinit$$00000015)
    __rt_lib_init_lc_numeric_2               0x080001b3   Thumb Code     0  libinit2.o(.ARM.Collect$$libinit$$00000016)
    __rt_lib_init_alloca_1                   0x080001bd   Thumb Code     0  libinit2.o(.ARM.Collect$$libinit$$0000002E)
    __rt_lib_init_argv_1                     0x080001bd   Thumb Code     0  libinit2.o(.ARM.Collect$$libinit$$0000002C)
    __rt_lib_init_atexit_1                   0x080001bd   Thumb Code     0  libinit2.o(.ARM.Collect$$libinit$$0000001B)
    __rt_lib_init_clock_1                    0x080001bd   Thumb Code     0  libinit2.o(.ARM.Collect$$libinit$$00000021)
    __rt_lib_init_cpp_1                      0x080001bd   Thumb Code     0  libinit2.o(.ARM.Collect$$libinit$$00000032)
    __rt_lib_init_exceptions_1               0x080001bd   Thumb Code     0  libinit2.o(.ARM.Collect$$libinit$$00000030)
    __rt_lib_init_fp_trap_1                  0x080001bd   Thumb Code     0  libinit2.o(.ARM.Collect$$libinit$$0000001F)
    __rt_lib_init_getenv_1                   0x080001bd   Thumb Code     0  libinit2.o(.ARM.Collect$$libinit$$00000023)
    __rt_lib_init_lc_numeric_1               0x080001bd   Thumb Code     0  libinit2.o(.ARM.Collect$$libinit$$00000017)
    __rt_lib_init_lc_time_1                  0x080001bd   Thumb Code     0  libinit2.o(.ARM.Collect$$libinit$$00000019)
    __rt_lib_init_return                     0x080001bd   Thumb Code     0  libinit2.o(.ARM.Collect$$libinit$$00000033)
    __rt_lib_init_signal_1                   0x080001bd   Thumb Code     0  libinit2.o(.ARM.Collect$$libinit$$0000001D)
    __rt_lib_init_stdio_1                    0x080001bd   Thumb Code     0  libinit2.o(.ARM.Collect$$libinit$$00000025)
    __rt_lib_shutdown                        0x080001bf   Thumb Code     0  libshutdown.o(.ARM.Collect$$libshutdown$$00000000)
    __rt_lib_shutdown_cpp_1                  0x080001c1   Thumb Code     0  libshutdown2.o(.ARM.Collect$$libshutdown$$00000002)
    __rt_lib_shutdown_fp_trap_1              0x080001c1   Thumb Code     0  libshutdown2.o(.ARM.Collect$$libshutdown$$00000007)
    __rt_lib_shutdown_heap_1                 0x080001c1   Thumb Code     0  libshutdown2.o(.ARM.Collect$$libshutdown$$0000000F)
    __rt_lib_shutdown_return                 0x080001c1   Thumb Code     0  libshutdown2.o(.ARM.Collect$$libshutdown$$00000010)
    __rt_lib_shutdown_signal_1               0x080001c1   Thumb Code     0  libshutdown2.o(.ARM.Collect$$libshutdown$$0000000A)
    __rt_lib_shutdown_stdio_1                0x080001c1   Thumb Code     0  libshutdown2.o(.ARM.Collect$$libshutdown$$00000004)
    __rt_lib_shutdown_user_alloc_1           0x080001c1   Thumb Code     0  libshutdown2.o(.ARM.Collect$$libshutdown$$0000000C)
    __rt_entry                               0x080001c3   Thumb Code     0  __rtentry.o(.ARM.Collect$$rtentry$$00000000)
    __rt_entry_presh_1                       0x080001c3   Thumb Code     0  __rtentry2.o(.ARM.Collect$$rtentry$$00000002)
    __rt_entry_sh                            0x080001c3   Thumb Code     0  __rtentry4.o(.ARM.Collect$$rtentry$$00000004)
    __rt_entry_li                            0x080001c9   Thumb Code     0  __rtentry2.o(.ARM.Collect$$rtentry$$0000000A)
    __rt_entry_postsh_1                      0x080001c9   Thumb Code     0  __rtentry2.o(.ARM.Collect$$rtentry$$00000009)
    __rt_entry_main                          0x080001cd   Thumb Code     0  __rtentry2.o(.ARM.Collect$$rtentry$$0000000D)
    __rt_entry_postli_1                      0x080001cd   Thumb Code     0  __rtentry2.o(.ARM.Collect$$rtentry$$0000000C)
    __rt_exit                                0x080001d5   Thumb Code     0  rtexit.o(.ARM.Collect$$rtexit$$00000000)
    __rt_exit_ls                             0x080001d7   Thumb Code     0  rtexit2.o(.ARM.Collect$$rtexit$$00000003)
    __rt_exit_prels_1                        0x080001d7   Thumb Code     0  rtexit2.o(.ARM.Collect$$rtexit$$00000002)
    __rt_exit_exit                           0x080001db   Thumb Code     0  rtexit2.o(.ARM.Collect$$rtexit$$00000004)
    Reset_Handler                            0x080001e1   Thumb Code     8  startup_stm32f103xb.o(.text)
    CAN1_RX1_IRQHandler                      0x080001fb   Thumb Code     0  startup_stm32f103xb.o(.text)
    CAN1_SCE_IRQHandler                      0x080001fb   Thumb Code     0  startup_stm32f103xb.o(.text)
    DMA1_Channel1_IRQHandler                 0x080001fb   Thumb Code     0  startup_stm32f103xb.o(.text)
    DMA1_Channel2_IRQHandler                 0x080001fb   Thumb Code     0  startup_stm32f103xb.o(.text)
    DMA1_Channel3_IRQHandler                 0x080001fb   Thumb Code     0  startup_stm32f103xb.o(.text)
    DMA1_Channel4_IRQHandler                 0x080001fb   Thumb Code     0  startup_stm32f103xb.o(.text)
    DMA1_Channel5_IRQHandler                 0x080001fb   Thumb Code     0  startup_stm32f103xb.o(.text)
    DMA1_Channel6_IRQHandler                 0x080001fb   Thumb Code     0  startup_stm32f103xb.o(.text)
    DMA1_Channel7_IRQHandler                 0x080001fb   Thumb Code     0  startup_stm32f103xb.o(.text)
    EXTI0_IRQHandler                         0x080001fb   Thumb Code     0  startup_stm32f103xb.o(.text)
    EXTI15_10_IRQHandler                     0x080001fb   Thumb Code     0  startup_stm32f103xb.o(.text)
    EXTI1_IRQHandler                         0x080001fb   Thumb Code     0  startup_stm32f103xb.o(.text)
    EXTI2_IRQHandler                         0x080001fb   Thumb Code     0  startup_stm32f103xb.o(.text)
    EXTI3_IRQHandler                         0x080001fb   Thumb Code     0  startup_stm32f103xb.o(.text)
    EXTI4_IRQHandler                         0x080001fb   Thumb Code     0  startup_stm32f103xb.o(.text)
    EXTI9_5_IRQHandler                       0x080001fb   Thumb Code     0  startup_stm32f103xb.o(.text)
    FLASH_IRQHandler                         0x080001fb   Thumb Code     0  startup_stm32f103xb.o(.text)
    I2C1_ER_IRQHandler                       0x080001fb   Thumb Code     0  startup_stm32f103xb.o(.text)
    I2C1_EV_IRQHandler                       0x080001fb   Thumb Code     0  startup_stm32f103xb.o(.text)
    I2C2_ER_IRQHandler                       0x080001fb   Thumb Code     0  startup_stm32f103xb.o(.text)
    I2C2_EV_IRQHandler                       0x080001fb   Thumb Code     0  startup_stm32f103xb.o(.text)
    PVD_IRQHandler                           0x080001fb   Thumb Code     0  startup_stm32f103xb.o(.text)
    RCC_IRQHandler                           0x080001fb   Thumb Code     0  startup_stm32f103xb.o(.text)
    RTC_Alarm_IRQHandler                     0x080001fb   Thumb Code     0  startup_stm32f103xb.o(.text)
    RTC_IRQHandler                           0x080001fb   Thumb Code     0  startup_stm32f103xb.o(.text)
    SPI1_IRQHandler                          0x080001fb   Thumb Code     0  startup_stm32f103xb.o(.text)
    SPI2_IRQHandler                          0x080001fb   Thumb Code     0  startup_stm32f103xb.o(.text)
    TAMPER_IRQHandler                        0x080001fb   Thumb Code     0  startup_stm32f103xb.o(.text)
    TIM1_BRK_IRQHandler                      0x080001fb   Thumb Code     0  startup_stm32f103xb.o(.text)
    TIM1_CC_IRQHandler                       0x080001fb   Thumb Code     0  startup_stm32f103xb.o(.text)
    TIM1_TRG_COM_IRQHandler                  0x080001fb   Thumb Code     0  startup_stm32f103xb.o(.text)
    TIM1_UP_IRQHandler                       0x080001fb   Thumb Code     0  startup_stm32f103xb.o(.text)
    TIM2_IRQHandler                          0x080001fb   Thumb Code     0  startup_stm32f103xb.o(.text)
    TIM3_IRQHandler                          0x080001fb   Thumb Code     0  startup_stm32f103xb.o(.text)
    TIM4_IRQHandler                          0x080001fb   Thumb Code     0  startup_stm32f103xb.o(.text)
    USART1_IRQHandler                        0x080001fb   Thumb Code     0  startup_stm32f103xb.o(.text)
    USART2_IRQHandler                        0x080001fb   Thumb Code     0  startup_stm32f103xb.o(.text)
    USART3_IRQHandler                        0x080001fb   Thumb Code     0  startup_stm32f103xb.o(.text)
    USBWakeUp_IRQHandler                     0x080001fb   Thumb Code     0  startup_stm32f103xb.o(.text)
    USB_HP_CAN1_TX_IRQHandler                0x080001fb   Thumb Code     0  startup_stm32f103xb.o(.text)
    WWDG_IRQHandler                          0x080001fb   Thumb Code     0  startup_stm32f103xb.o(.text)
    __user_initial_stackheap                 0x080001fd   Thumb Code     0  startup_stm32f103xb.o(.text)
    __2sprintf                               0x08000221   Thumb Code    34  noretval__2sprintf.o(.text)
    __printf                                 0x08000249   Thumb Code   270  __printf_wp.o(.text)
    strlen                                   0x08000357   Thumb Code    62  strlen.o(.text)
    __aeabi_memcpy                           0x08000395   Thumb Code     0  rt_memcpy_v6.o(.text)
    __rt_memcpy                              0x08000395   Thumb Code   138  rt_memcpy_v6.o(.text)
    _memcpy_lastbytes                        0x080003fb   Thumb Code     0  rt_memcpy_v6.o(.text)
    __aeabi_memclr                           0x0800041f   Thumb Code     0  rt_memclr.o(.text)
    __rt_memclr                              0x0800041f   Thumb Code    68  rt_memclr.o(.text)
    _memset                                  0x08000423   Thumb Code     0  rt_memclr.o(.text)
    __aeabi_memclr4                          0x08000463   Thumb Code     0  rt_memclr_w.o(.text)
    __aeabi_memclr8                          0x08000463   Thumb Code     0  rt_memclr_w.o(.text)
    __rt_memclr_w                            0x08000463   Thumb Code    78  rt_memclr_w.o(.text)
    _memset_w                                0x08000467   Thumb Code     0  rt_memclr_w.o(.text)
    __use_two_region_memory                  0x080004b1   Thumb Code     2  heapauxi.o(.text)
    __rt_heap_escrow$2region                 0x080004b3   Thumb Code     2  heapauxi.o(.text)
    __rt_heap_expand$2region                 0x080004b5   Thumb Code     2  heapauxi.o(.text)
    __lib_sel_fp_printf                      0x080004b7   Thumb Code     2  _printf_fp_dec.o(.text)
    _printf_fp_dec_real                      0x08000669   Thumb Code   620  _printf_fp_dec.o(.text)
    _printf_char_common                      0x080008df   Thumb Code    32  _printf_char_common.o(.text)
    _sputc                                   0x08000905   Thumb Code    10  _sputc.o(.text)
    __aeabi_memcpy4                          0x0800090f   Thumb Code     0  rt_memcpy_w.o(.text)
    __aeabi_memcpy8                          0x0800090f   Thumb Code     0  rt_memcpy_w.o(.text)
    __rt_memcpy_w                            0x0800090f   Thumb Code   100  rt_memcpy_w.o(.text)
    _memcpy_lastbytes_aligned                0x08000957   Thumb Code     0  rt_memcpy_w.o(.text)
    __rt_locale                              0x08000975   Thumb Code     8  rt_locale_intlibspace.o(.text)
    _ll_udiv10                               0x0800097d   Thumb Code   138  lludiv10.o(.text)
    _printf_fp_infnan                        0x08000a09   Thumb Code   112  _printf_fp_infnan.o(.text)
    _btod_etento                             0x08000a89   Thumb Code   224  bigflt0.o(.text)
    __user_libspace                          0x08000b6d   Thumb Code     8  libspace.o(.text)
    __user_perproc_libspace                  0x08000b6d   Thumb Code     0  libspace.o(.text)
    __user_perthread_libspace                0x08000b6d   Thumb Code     0  libspace.o(.text)
    __user_setup_stackheap                   0x08000b75   Thumb Code    74  sys_stackheap_outer.o(.text)
    exit                                     0x08000bbf   Thumb Code    18  exit.o(.text)
    strcmp                                   0x08000bd1   Thumb Code   128  strcmpv7m.o(.text)
    _sys_exit                                0x08000c51   Thumb Code     8  sys_exit.o(.text)
    __I$use$semihosting                      0x08000c5d   Thumb Code     0  use_no_semi.o(.text)
    __use_no_semihosting_swi                 0x08000c5d   Thumb Code     2  use_no_semi.o(.text)
    __semihosting_library_function           0x08000c5f   Thumb Code     0  indicate_semi.o(.text)
    _btod_d2e                                0x08000c5f   Thumb Code    62  btod.o(CL$$btod_d2e)
    _d2e_denorm_low                          0x08000c9d   Thumb Code    70  btod.o(CL$$btod_d2e_denorm_low)
    _d2e_norm_op1                            0x08000ce3   Thumb Code    96  btod.o(CL$$btod_d2e_norm_op1)
    __btod_div_common                        0x08000d43   Thumb Code   696  btod.o(CL$$btod_div_common)
    _e2e                                     0x0800107b   Thumb Code   220  btod.o(CL$$btod_e2e)
    _btod_ediv                               0x08001157   Thumb Code    42  btod.o(CL$$btod_ediv)
    _btod_emul                               0x08001181   Thumb Code    42  btod.o(CL$$btod_emul)
    __btod_mult_common                       0x080011ab   Thumb Code   580  btod.o(CL$$btod_mult_common)
    ADC1_2_IRQHandler                        0x080013f1   Thumb Code     6  stm32f1xx_it.o(i.ADC1_2_IRQHandler)
    ADC_ConversionStop_Disable               0x080013fd   Thumb Code    86  stm32f1xx_hal_adc.o(i.ADC_ConversionStop_Disable)
    ADC_Enable                               0x08001455   Thumb Code   114  stm32f1xx_hal_adc.o(i.ADC_Enable)
    BusFault_Handler                         0x080014d1   Thumb Code     2  stm32f1xx_it.o(i.BusFault_Handler)
    CDC_Transmit_FS                          0x08001539   Thumb Code    38  usbd_cdc_if.o(i.CDC_Transmit_FS)
    CLCD_I2C_Init                            0x08001565   Thumb Code   162  clcd_i2c.o(i.CLCD_I2C_Init)
    CLCD_I2C_SetCursor                       0x08001607   Thumb Code    68  clcd_i2c.o(i.CLCD_I2C_SetCursor)
    CLCD_I2C_WriteChar                       0x0800164b   Thumb Code     6  clcd_i2c.o(i.CLCD_I2C_WriteChar)
    CLCD_I2C_WriteString                     0x08001651   Thumb Code    24  clcd_i2c.o(i.CLCD_I2C_WriteString)
    DebugMon_Handler                         0x080016d3   Thumb Code     2  stm32f1xx_it.o(i.DebugMon_Handler)
    Error_Handler                            0x080016d5   Thumb Code     4  main.o(i.Error_Handler)
    HAL_ADCEx_InjectedConvCpltCallback       0x080016d9   Thumb Code     2  stm32f1xx_hal_adc_ex.o(i.HAL_ADCEx_InjectedConvCpltCallback)
    HAL_ADC_ConfigChannel                    0x080016dd   Thumb Code   240  stm32f1xx_hal_adc.o(i.HAL_ADC_ConfigChannel)
    HAL_ADC_ConvCpltCallback                 0x080017d9   Thumb Code    52  main.o(i.HAL_ADC_ConvCpltCallback)
    HAL_ADC_GetValue                         0x08001821   Thumb Code     6  stm32f1xx_hal_adc.o(i.HAL_ADC_GetValue)
    HAL_ADC_IRQHandler                       0x08001827   Thumb Code   220  stm32f1xx_hal_adc.o(i.HAL_ADC_IRQHandler)
    HAL_ADC_Init                             0x08001905   Thumb Code   272  stm32f1xx_hal_adc.o(i.HAL_ADC_Init)
    HAL_ADC_LevelOutOfWindowCallback         0x08001a21   Thumb Code     2  stm32f1xx_hal_adc.o(i.HAL_ADC_LevelOutOfWindowCallback)
    HAL_ADC_MspInit                          0x08001a25   Thumb Code    92  stm32f1xx_hal_msp.o(i.HAL_ADC_MspInit)
    HAL_ADC_Start_IT                         0x08001a8d   Thumb Code   194  stm32f1xx_hal_adc.o(i.HAL_ADC_Start_IT)
    HAL_Delay                                0x08001b59   Thumb Code    32  stm32f1xx_hal.o(i.HAL_Delay)
    HAL_GPIO_Init                            0x08001b7d   Thumb Code   446  stm32f1xx_hal_gpio.o(i.HAL_GPIO_Init)
    HAL_GPIO_WritePin                        0x08001d5d   Thumb Code    10  stm32f1xx_hal_gpio.o(i.HAL_GPIO_WritePin)
    HAL_GetTick                              0x08001d69   Thumb Code     6  stm32f1xx_hal.o(i.HAL_GetTick)
    HAL_I2C_Init                             0x08001d75   Thumb Code   376  stm32f1xx_hal_i2c.o(i.HAL_I2C_Init)
    HAL_I2C_Master_Transmit                  0x08001efd   Thumb Code   290  stm32f1xx_hal_i2c.o(i.HAL_I2C_Master_Transmit)
    HAL_I2C_Mem_Read                         0x08002029   Thumb Code   586  stm32f1xx_hal_i2c.o(i.HAL_I2C_Mem_Read)
    HAL_I2C_Mem_Write                        0x08002285   Thumb Code   294  stm32f1xx_hal_i2c.o(i.HAL_I2C_Mem_Write)
    HAL_I2C_MspInit                          0x080023b5   Thumb Code   134  stm32f1xx_hal_msp.o(i.HAL_I2C_MspInit)
    HAL_IncTick                              0x0800244d   Thumb Code    12  stm32f1xx_hal.o(i.HAL_IncTick)
    HAL_Init                                 0x0800245d   Thumb Code    32  stm32f1xx_hal.o(i.HAL_Init)
    HAL_InitTick                             0x08002481   Thumb Code    54  stm32f1xx_hal.o(i.HAL_InitTick)
    HAL_MspInit                              0x080024c1   Thumb Code    52  stm32f1xx_hal_msp.o(i.HAL_MspInit)
    HAL_NVIC_EnableIRQ                       0x080024fd   Thumb Code    26  stm32f1xx_hal_cortex.o(i.HAL_NVIC_EnableIRQ)
    HAL_NVIC_SetPriority                     0x08002519   Thumb Code    60  stm32f1xx_hal_cortex.o(i.HAL_NVIC_SetPriority)
    HAL_NVIC_SetPriorityGrouping             0x08002559   Thumb Code    26  stm32f1xx_hal_cortex.o(i.HAL_NVIC_SetPriorityGrouping)
    HAL_PCDEx_PMAConfig                      0x0800257d   Thumb Code    60  stm32f1xx_hal_pcd_ex.o(i.HAL_PCDEx_PMAConfig)
    HAL_PCDEx_SetConnectionState             0x080025b9   Thumb Code     2  usbd_conf.o(i.HAL_PCDEx_SetConnectionState)
    HAL_PCD_DataInStageCallback              0x080025bb   Thumb Code    18  usbd_conf.o(i.HAL_PCD_DataInStageCallback)
    HAL_PCD_DataOutStageCallback             0x080025cd   Thumb Code    20  usbd_conf.o(i.HAL_PCD_DataOutStageCallback)
    HAL_PCD_EP_Close                         0x080025e1   Thumb Code    74  stm32f1xx_hal_pcd.o(i.HAL_PCD_EP_Close)
    HAL_PCD_EP_ClrStall                      0x0800262b   Thumb Code    90  stm32f1xx_hal_pcd.o(i.HAL_PCD_EP_ClrStall)
    HAL_PCD_EP_GetRxCount                    0x08002aa3   Thumb Code    18  stm32f1xx_hal_pcd.o(i.HAL_PCD_EP_GetRxCount)
    HAL_PCD_EP_Open                          0x08002ab5   Thumb Code    88  stm32f1xx_hal_pcd.o(i.HAL_PCD_EP_Open)
    HAL_PCD_EP_Receive                       0x08002b0d   Thumb Code    46  stm32f1xx_hal_pcd.o(i.HAL_PCD_EP_Receive)
    HAL_PCD_EP_SetStall                      0x08002b3b   Thumb Code   112  stm32f1xx_hal_pcd.o(i.HAL_PCD_EP_SetStall)
    HAL_PCD_EP_Transmit                      0x08002bab   Thumb Code    46  stm32f1xx_hal_pcd.o(i.HAL_PCD_EP_Transmit)
    HAL_PCD_IRQHandler                       0x08002bd9   Thumb Code   308  stm32f1xx_hal_pcd.o(i.HAL_PCD_IRQHandler)
    HAL_PCD_Init                             0x08002d0d   Thumb Code   186  stm32f1xx_hal_pcd.o(i.HAL_PCD_Init)
    HAL_PCD_MspInit                          0x08002dc9   Thumb Code    50  usbd_conf.o(i.HAL_PCD_MspInit)
    HAL_PCD_ResetCallback                    0x08002e05   Thumb Code    38  usbd_conf.o(i.HAL_PCD_ResetCallback)
    HAL_PCD_ResumeCallback                   0x08002e2b   Thumb Code     8  usbd_conf.o(i.HAL_PCD_ResumeCallback)
    HAL_PCD_SOFCallback                      0x08002e33   Thumb Code     8  usbd_conf.o(i.HAL_PCD_SOFCallback)
    HAL_PCD_SetAddress                       0x08002e3b   Thumb Code    38  stm32f1xx_hal_pcd.o(i.HAL_PCD_SetAddress)
    HAL_PCD_SetupStageCallback               0x08002e61   Thumb Code    14  usbd_conf.o(i.HAL_PCD_SetupStageCallback)
    HAL_PCD_Start                            0x08002e6f   Thumb Code    50  stm32f1xx_hal_pcd.o(i.HAL_PCD_Start)
    HAL_PCD_SuspendCallback                  0x08002ea1   Thumb Code    30  usbd_conf.o(i.HAL_PCD_SuspendCallback)
    HAL_RCCEx_PeriphCLKConfig                0x08002ec5   Thumb Code   224  stm32f1xx_hal_rcc_ex.o(i.HAL_RCCEx_PeriphCLKConfig)
    HAL_RCC_ClockConfig                      0x08002fb1   Thumb Code   280  stm32f1xx_hal_rcc.o(i.HAL_RCC_ClockConfig)
    HAL_RCC_GetPCLK1Freq                     0x080030dd   Thumb Code    20  stm32f1xx_hal_rcc.o(i.HAL_RCC_GetPCLK1Freq)
    HAL_RCC_GetSysClockFreq                  0x080030fd   Thumb Code    58  stm32f1xx_hal_rcc.o(i.HAL_RCC_GetSysClockFreq)
    HAL_RCC_OscConfig                        0x08003149   Thumb Code   778  stm32f1xx_hal_rcc.o(i.HAL_RCC_OscConfig)
    HAL_SYSTICK_Config                       0x08003469   Thumb Code    40  stm32f1xx_hal_cortex.o(i.HAL_SYSTICK_Config)
    HardFault_Handler                        0x08003491   Thumb Code     2  stm32f1xx_it.o(i.HardFault_Handler)
    MX_USB_DEVICE_Init                       0x08003a75   Thumb Code    66  usb_device.o(i.MX_USB_DEVICE_Init)
    MemManage_Handler                        0x08003ac9   Thumb Code     2  stm32f1xx_it.o(i.MemManage_Handler)
    NMI_Handler                              0x08003acb   Thumb Code     2  stm32f1xx_it.o(i.NMI_Handler)
    PendSV_Handler                           0x08003e73   Thumb Code     2  stm32f1xx_it.o(i.PendSV_Handler)
    SVC_Handler                              0x08003e75   Thumb Code     2  stm32f1xx_it.o(i.SVC_Handler)
    SysTick_Handler                          0x08003e77   Thumb Code     4  stm32f1xx_it.o(i.SysTick_Handler)
    SystemClock_Config                       0x08003e7b   Thumb Code   124  main.o(i.SystemClock_Config)
    SystemInit                               0x08003ef7   Thumb Code     2  system_stm32f1xx.o(i.SystemInit)
    USBD_CDC_GetDeviceQualifierDescriptor    0x08003fd5   Thumb Code     8  usbd_cdc.o(i.USBD_CDC_GetDeviceQualifierDescriptor)
    USBD_CDC_ReceivePacket                   0x08004099   Thumb Code    40  usbd_cdc.o(i.USBD_CDC_ReceivePacket)
    USBD_CDC_RegisterInterface               0x080040c1   Thumb Code    16  usbd_cdc.o(i.USBD_CDC_RegisterInterface)
    USBD_CDC_SetRxBuffer                     0x080040d1   Thumb Code    12  usbd_cdc.o(i.USBD_CDC_SetRxBuffer)
    USBD_CDC_SetTxBuffer                     0x080040dd   Thumb Code    16  usbd_cdc.o(i.USBD_CDC_SetTxBuffer)
    USBD_CDC_TransmitPacket                  0x08004199   Thumb Code    54  usbd_cdc.o(i.USBD_CDC_TransmitPacket)
    USBD_ClrClassConfig                      0x080041cf   Thumb Code    14  usbd_core.o(i.USBD_ClrClassConfig)
    USBD_CtlContinueRx                       0x080041dd   Thumb Code    16  usbd_ioreq.o(i.USBD_CtlContinueRx)
    USBD_CtlContinueSendData                 0x080041ed   Thumb Code    16  usbd_ioreq.o(i.USBD_CtlContinueSendData)
    USBD_CtlError                            0x080041fd   Thumb Code    22  usbd_ctlreq.o(i.USBD_CtlError)
    USBD_CtlPrepareRx                        0x08004213   Thumb Code    30  usbd_ioreq.o(i.USBD_CtlPrepareRx)
    USBD_CtlReceiveStatus                    0x08004231   Thumb Code    22  usbd_ioreq.o(i.USBD_CtlReceiveStatus)
    USBD_CtlSendData                         0x08004247   Thumb Code    26  usbd_ioreq.o(i.USBD_CtlSendData)
    USBD_CtlSendStatus                       0x08004261   Thumb Code    22  usbd_ioreq.o(i.USBD_CtlSendStatus)
    USBD_FS_ConfigStrDescriptor              0x08004279   Thumb Code    16  usbd_desc.o(i.USBD_FS_ConfigStrDescriptor)
    USBD_FS_DeviceDescriptor                 0x08004299   Thumb Code     8  usbd_desc.o(i.USBD_FS_DeviceDescriptor)
    USBD_FS_InterfaceStrDescriptor           0x080042a5   Thumb Code    16  usbd_desc.o(i.USBD_FS_InterfaceStrDescriptor)
    USBD_FS_LangIDStrDescriptor              0x080042c9   Thumb Code     8  usbd_desc.o(i.USBD_FS_LangIDStrDescriptor)
    USBD_FS_ManufacturerStrDescriptor        0x080042d5   Thumb Code    16  usbd_desc.o(i.USBD_FS_ManufacturerStrDescriptor)
    USBD_FS_ProductStrDescriptor             0x080042fd   Thumb Code    16  usbd_desc.o(i.USBD_FS_ProductStrDescriptor)
    USBD_FS_SerialStrDescriptor              0x08004329   Thumb Code    48  usbd_desc.o(i.USBD_FS_SerialStrDescriptor)
    USBD_GetString                           0x08004449   Thumb Code    72  usbd_ctlreq.o(i.USBD_GetString)
    USBD_Init                                0x080044a9   Thumb Code    42  usbd_core.o(i.USBD_Init)
    USBD_LL_ClearStallEP                     0x080044d3   Thumb Code    18  usbd_conf.o(i.USBD_LL_ClearStallEP)
    USBD_LL_CloseEP                          0x080044e5   Thumb Code    18  usbd_conf.o(i.USBD_LL_CloseEP)
    USBD_LL_DataInStage                      0x080044f7   Thumb Code   198  usbd_core.o(i.USBD_LL_DataInStage)
    USBD_LL_DataOutStage                     0x080045bd   Thumb Code   130  usbd_core.o(i.USBD_LL_DataOutStage)
    USBD_LL_GetRxDataSize                    0x0800463f   Thumb Code     8  usbd_conf.o(i.USBD_LL_GetRxDataSize)
    USBD_LL_Init                             0x08004649   Thumb Code   118  usbd_conf.o(i.USBD_LL_Init)
    USBD_LL_IsStallEP                        0x080046c9   Thumb Code    30  usbd_conf.o(i.USBD_LL_IsStallEP)
    USBD_LL_OpenEP                           0x080046e7   Thumb Code    24  usbd_conf.o(i.USBD_LL_OpenEP)
    USBD_LL_PrepareReceive                   0x080046ff   Thumb Code    18  usbd_conf.o(i.USBD_LL_PrepareReceive)
    USBD_LL_Reset                            0x08004711   Thumb Code    80  usbd_core.o(i.USBD_LL_Reset)
    USBD_LL_Resume                           0x08004761   Thumb Code    20  usbd_core.o(i.USBD_LL_Resume)
    USBD_LL_SOF                              0x08004775   Thumb Code    24  usbd_core.o(i.USBD_LL_SOF)
    USBD_LL_SetSpeed                         0x0800478d   Thumb Code     6  usbd_core.o(i.USBD_LL_SetSpeed)
    USBD_LL_SetUSBAddress                    0x08004793   Thumb Code    18  usbd_conf.o(i.USBD_LL_SetUSBAddress)
    USBD_LL_SetupStage                       0x080047a5   Thumb Code    90  usbd_core.o(i.USBD_LL_SetupStage)
    USBD_LL_StallEP                          0x080047ff   Thumb Code    18  usbd_conf.o(i.USBD_LL_StallEP)
    USBD_LL_Start                            0x08004811   Thumb Code    18  usbd_conf.o(i.USBD_LL_Start)
    USBD_LL_Suspend                          0x08004823   Thumb Code    18  usbd_core.o(i.USBD_LL_Suspend)
    USBD_LL_Transmit                         0x08004835   Thumb Code    18  usbd_conf.o(i.USBD_LL_Transmit)
    USBD_ParseSetupRequest                   0x08004847   Thumb Code    40  usbd_ctlreq.o(i.USBD_ParseSetupRequest)
    USBD_RegisterClass                       0x0800486f   Thumb Code    16  usbd_core.o(i.USBD_RegisterClass)
    USBD_SetClassConfig                      0x0800487f   Thumb Code    22  usbd_core.o(i.USBD_SetClassConfig)
    USBD_Start                               0x08004919   Thumb Code    10  usbd_core.o(i.USBD_Start)
    USBD_StdDevReq                           0x08004923   Thumb Code   274  usbd_ctlreq.o(i.USBD_StdDevReq)
    USBD_StdEPReq                            0x08004a35   Thumb Code   336  usbd_ctlreq.o(i.USBD_StdEPReq)
    USBD_StdItfReq                           0x08004b85   Thumb Code    78  usbd_ctlreq.o(i.USBD_StdItfReq)
    USBD_static_free                         0x08004bd3   Thumb Code     2  usbd_conf.o(i.USBD_static_free)
    USBD_static_malloc                       0x08004bd5   Thumb Code     4  usbd_conf.o(i.USBD_static_malloc)
    USB_ActivateEndpoint                     0x08004bdd   Thumb Code   668  stm32f1xx_ll_usb.o(i.USB_ActivateEndpoint)
    USB_CoreInit                             0x08004e79   Thumb Code     4  stm32f1xx_ll_usb.o(i.USB_CoreInit)
    USB_DeactivateEndpoint                   0x08004e7d   Thumb Code   270  stm32f1xx_ll_usb.o(i.USB_DeactivateEndpoint)
    USB_DevConnect                           0x08004f8b   Thumb Code     4  stm32f1xx_ll_usb.o(i.USB_DevConnect)
    USB_DevDisconnect                        0x08004f8f   Thumb Code     4  stm32f1xx_ll_usb.o(i.USB_DevDisconnect)
    USB_DevInit                              0x08004f93   Thumb Code    18  stm32f1xx_ll_usb.o(i.USB_DevInit)
    USB_DisableGlobalInt                     0x08004fa5   Thumb Code    14  stm32f1xx_ll_usb.o(i.USB_DisableGlobalInt)
    USB_EP0_OutStart                         0x08004fb3   Thumb Code     4  stm32f1xx_ll_usb.o(i.USB_EP0_OutStart)
    USB_EPClearStall                         0x08004fb7   Thumb Code   120  stm32f1xx_ll_usb.o(i.USB_EPClearStall)
    USB_EPSetStall                           0x0800502f   Thumb Code    50  stm32f1xx_ll_usb.o(i.USB_EPSetStall)
    USB_EPStartXfer                          0x08005061   Thumb Code  1250  stm32f1xx_ll_usb.o(i.USB_EPStartXfer)
    USB_EnableGlobalInt                      0x08005543   Thumb Code    18  stm32f1xx_ll_usb.o(i.USB_EnableGlobalInt)
    USB_LP_CAN1_RX0_IRQHandler               0x08005555   Thumb Code     6  stm32f1xx_it.o(i.USB_LP_CAN1_RX0_IRQHandler)
    USB_ReadInterrupts                       0x08005561   Thumb Code     6  stm32f1xx_ll_usb.o(i.USB_ReadInterrupts)
    USB_ReadPMA                              0x08005569   Thumb Code    44  stm32f1xx_ll_usb.o(i.USB_ReadPMA)
    USB_SetCurrentMode                       0x08005595   Thumb Code     4  stm32f1xx_ll_usb.o(i.USB_SetCurrentMode)
    USB_SetDevAddress                        0x08005599   Thumb Code    12  stm32f1xx_ll_usb.o(i.USB_SetDevAddress)
    USB_WritePMA                             0x080055a5   Thumb Code    38  stm32f1xx_ll_usb.o(i.USB_WritePMA)
    UsageFault_Handler                       0x080055cb   Thumb Code     2  stm32f1xx_it.o(i.UsageFault_Handler)
    __ARM_fpclassify                         0x080055cd   Thumb Code    40  fpclassify.o(i.__ARM_fpclassify)
    _is_digit                                0x08005615   Thumb Code    14  __printf_wp.o(i._is_digit)
    main                                     0x08005625   Thumb Code   634  main.o(i.main)
    _get_lc_numeric                          0x08005931   Thumb Code    44  lc_numeric_c.o(locale$$code)
    __aeabi_d2f                              0x0800595d   Thumb Code     0  d2f.o(x$fpl$d2f)
    _d2f                                     0x0800595d   Thumb Code    98  d2f.o(x$fpl$d2f)
    __aeabi_ddiv                             0x080059c1   Thumb Code     0  ddiv.o(x$fpl$ddiv)
    _ddiv                                    0x080059c1   Thumb Code   552  ddiv.o(x$fpl$ddiv)
    __aeabi_ui2d                             0x08005c71   Thumb Code     0  dflt_clz.o(x$fpl$dfltu)
    _dfltu                                   0x08005c71   Thumb Code    38  dflt_clz.o(x$fpl$dfltu)
    __aeabi_dmul                             0x08005c99   Thumb Code     0  dmul.o(x$fpl$dmul)
    _dmul                                    0x08005c99   Thumb Code   332  dmul.o(x$fpl$dmul)
    __fpl_dnaninf                            0x08005ded   Thumb Code   156  dnaninf.o(x$fpl$dnaninf)
    __fpl_dretinf                            0x08005e89   Thumb Code    12  dretinf.o(x$fpl$dretinf)
    __aeabi_f2d                              0x08005e95   Thumb Code     0  f2d.o(x$fpl$f2d)
    _f2d                                     0x08005e95   Thumb Code    86  f2d.o(x$fpl$f2d)
    __aeabi_fadd                             0x08005eed   Thumb Code     0  faddsub_clz.o(x$fpl$fadd)
    _fadd                                    0x08005eed   Thumb Code   196  faddsub_clz.o(x$fpl$fadd)
    __aeabi_fmul                             0x08005fb1   Thumb Code     0  fmul.o(x$fpl$fmul)
    _fmul                                    0x08005fb1   Thumb Code   258  fmul.o(x$fpl$fmul)
    __fpl_fnaninf                            0x080060b3   Thumb Code   140  fnaninf.o(x$fpl$fnaninf)
    __fpl_fretinf                            0x0800613f   Thumb Code    10  fretinf.o(x$fpl$fretinf)
    __aeabi_fsub                             0x08006149   Thumb Code     0  faddsub_clz.o(x$fpl$fsub)
    _fsub                                    0x08006149   Thumb Code   234  faddsub_clz.o(x$fpl$fsub)
    _printf_fp_dec                           0x08006233   Thumb Code     4  printf1.o(x$fpl$printf1)
    __I$use$fp                               0x08006236   Number         0  usenofp.o(x$fpl$usenofp)
    AHBPrescTable                            0x08006248   Data          16  system_stm32f1xx.o(.constdata)
    APBPrescTable                            0x08006258   Data           8  system_stm32f1xx.o(.constdata)
    Region$$Table$$Base                      0x080062f4   Number         0  anon$$obj.o(Region$$Table)
    Region$$Table$$Limit                     0x08006314   Number         0  anon$$obj.o(Region$$Table)
    value_adc                                0x20000000   Data           2  main.o(.data)
    temperature                              0x20000004   Data           4  main.o(.data)
    voltage                                  0x20000008   Data           4  main.o(.data)
    send_data                                0x2000000c   Data           8  main.o(.data)
    data_read                                0x20000014   Data           8  main.o(.data)
    FS_Desc                                  0x2000001c   Data          28  usbd_desc.o(.data)
    USBD_LangIDDesc                          0x20000038   Data           4  usbd_desc.o(.data)
    USBD_FS_DeviceDesc                       0x2000003c   Data          18  usbd_desc.o(.data)
    USBD_StringSerial                        0x20000050   Data          26  usbd_desc.o(.data)
    USBD_Interface_fops_FS                   0x2000006c   Data          16  usbd_cdc_if.o(.data)
    uwTickFreq                               0x2000007c   Data           1  stm32f1xx_hal.o(.data)
    uwTickPrio                               0x20000080   Data           4  stm32f1xx_hal.o(.data)
    uwTick                                   0x20000084   Data           4  stm32f1xx_hal.o(.data)
    SystemCoreClock                          0x20000088   Data           4  system_stm32f1xx.o(.data)
    USBD_CDC_CfgHSDesc                       0x2000009c   Data          67  usbd_cdc.o(.data)
    USBD_CDC_CfgFSDesc                       0x200000e0   Data          67  usbd_cdc.o(.data)
    USBD_CDC_OtherSpeedCfgDesc               0x20000124   Data          67  usbd_cdc.o(.data)
    USBD_CDC                                 0x20000168   Data          56  usbd_cdc.o(.data)
    tx_buffer                                0x200001a0   Data         100  main.o(.bss)
    hadc1                                    0x20000204   Data          48  main.o(.bss)
    hi2c1                                    0x20000234   Data          84  main.o(.bss)
    hi2c2                                    0x20000288   Data          84  main.o(.bss)
    recData                                  0x200002dc   Data          16  main.o(.bss)
    LCD1                                     0x200002ec   Data          12  main.o(.bss)
    hUsbDeviceFS                             0x200002f8   Data         708  usb_device.o(.bss)
    USBD_StrDesc                             0x200005bc   Data         512  usbd_desc.o(.bss)
    UserRxBufferFS                           0x200007bc   Data          64  usbd_cdc_if.o(.bss)
    UserTxBufferFS                           0x200007fc   Data          64  usbd_cdc_if.o(.bss)
    hpcd_USB_FS                              0x20000a5c   Data         728  usbd_conf.o(.bss)
    __libspace_start                         0x20000d34   Data          96  libspace.o(.bss)
    __temporary_stack_top$libspace           0x20000d94   Data           0  libspace.o(.bss)



==============================================================================

Memory Map of the image

  Image Entry point : 0x080000ed

  Load Region LR_IROM1 (Base: 0x08000000, Size: 0x000064d0, Max: 0x00010000, ABSOLUTE, COMPRESSED[0x000063f0])

    Execution Region ER_IROM1 (Exec base: 0x08000000, Load base: 0x08000000, Size: 0x00006330, Max: 0x00010000, ABSOLUTE)

    Exec Addr    Load Addr    Size         Type   Attr      Idx    E Section Name        Object

    0x08000000   0x08000000   0x000000ec   Data   RO            3    RESET               startup_stm32f103xb.o
    0x080000ec   0x080000ec   0x00000008   Code   RO         3444  * !!!main             c_w.l(__main.o)
    0x080000f4   0x080000f4   0x00000034   Code   RO         3692    !!!scatter          c_w.l(__scatter.o)
    0x08000128   0x08000128   0x0000005a   Code   RO         3690    !!dczerorl2         c_w.l(__dczerorl2.o)
    0x08000182   0x08000182   0x00000002   PAD
    0x08000184   0x08000184   0x0000001c   Code   RO         3694    !!handler_zi        c_w.l(__scatter_zi.o)
    0x080001a0   0x080001a0   0x00000000   Code   RO         3433    .ARM.Collect$$_printf_percent$$00000000  c_w.l(_printf_percent.o)
    0x080001a0   0x080001a0   0x00000006   Code   RO         3432    .ARM.Collect$$_printf_percent$$00000003  c_w.l(_printf_f.o)
    0x080001a6   0x080001a6   0x00000004   Code   RO         3479    .ARM.Collect$$_printf_percent$$00000017  c_w.l(_printf_percent_end.o)
    0x080001aa   0x080001aa   0x00000002   Code   RO         3563    .ARM.Collect$$libinit$$00000000  c_w.l(libinit.o)
    0x080001ac   0x080001ac   0x00000000   Code   RO         3565    .ARM.Collect$$libinit$$00000002  c_w.l(libinit2.o)
    0x080001ac   0x080001ac   0x00000000   Code   RO         3567    .ARM.Collect$$libinit$$00000004  c_w.l(libinit2.o)
    0x080001ac   0x080001ac   0x00000000   Code   RO         3570    .ARM.Collect$$libinit$$0000000A  c_w.l(libinit2.o)
    0x080001ac   0x080001ac   0x00000000   Code   RO         3572    .ARM.Collect$$libinit$$0000000C  c_w.l(libinit2.o)
    0x080001ac   0x080001ac   0x00000000   Code   RO         3574    .ARM.Collect$$libinit$$0000000E  c_w.l(libinit2.o)
    0x080001ac   0x080001ac   0x00000006   Code   RO         3575    .ARM.Collect$$libinit$$0000000F  c_w.l(libinit2.o)
    0x080001b2   0x080001b2   0x00000000   Code   RO         3577    .ARM.Collect$$libinit$$00000011  c_w.l(libinit2.o)
    0x080001b2   0x080001b2   0x00000000   Code   RO         3579    .ARM.Collect$$libinit$$00000013  c_w.l(libinit2.o)
    0x080001b2   0x080001b2   0x00000000   Code   RO         3581    .ARM.Collect$$libinit$$00000015  c_w.l(libinit2.o)
    0x080001b2   0x080001b2   0x0000000a   Code   RO         3582    .ARM.Collect$$libinit$$00000016  c_w.l(libinit2.o)
    0x080001bc   0x080001bc   0x00000000   Code   RO         3583    .ARM.Collect$$libinit$$00000017  c_w.l(libinit2.o)
    0x080001bc   0x080001bc   0x00000000   Code   RO         3585    .ARM.Collect$$libinit$$00000019  c_w.l(libinit2.o)
    0x080001bc   0x080001bc   0x00000000   Code   RO         3587    .ARM.Collect$$libinit$$0000001B  c_w.l(libinit2.o)
    0x080001bc   0x080001bc   0x00000000   Code   RO         3589    .ARM.Collect$$libinit$$0000001D  c_w.l(libinit2.o)
    0x080001bc   0x080001bc   0x00000000   Code   RO         3591    .ARM.Collect$$libinit$$0000001F  c_w.l(libinit2.o)
    0x080001bc   0x080001bc   0x00000000   Code   RO         3593    .ARM.Collect$$libinit$$00000021  c_w.l(libinit2.o)
    0x080001bc   0x080001bc   0x00000000   Code   RO         3595    .ARM.Collect$$libinit$$00000023  c_w.l(libinit2.o)
    0x080001bc   0x080001bc   0x00000000   Code   RO         3597    .ARM.Collect$$libinit$$00000025  c_w.l(libinit2.o)
    0x080001bc   0x080001bc   0x00000000   Code   RO         3601    .ARM.Collect$$libinit$$0000002C  c_w.l(libinit2.o)
    0x080001bc   0x080001bc   0x00000000   Code   RO         3603    .ARM.Collect$$libinit$$0000002E  c_w.l(libinit2.o)
    0x080001bc   0x080001bc   0x00000000   Code   RO         3605    .ARM.Collect$$libinit$$00000030  c_w.l(libinit2.o)
    0x080001bc   0x080001bc   0x00000000   Code   RO         3607    .ARM.Collect$$libinit$$00000032  c_w.l(libinit2.o)
    0x080001bc   0x080001bc   0x00000002   Code   RO         3608    .ARM.Collect$$libinit$$00000033  c_w.l(libinit2.o)
    0x080001be   0x080001be   0x00000002   Code   RO         3638    .ARM.Collect$$libshutdown$$00000000  c_w.l(libshutdown.o)
    0x080001c0   0x080001c0   0x00000000   Code   RO         3649    .ARM.Collect$$libshutdown$$00000002  c_w.l(libshutdown2.o)
    0x080001c0   0x080001c0   0x00000000   Code   RO         3651    .ARM.Collect$$libshutdown$$00000004  c_w.l(libshutdown2.o)
    0x080001c0   0x080001c0   0x00000000   Code   RO         3654    .ARM.Collect$$libshutdown$$00000007  c_w.l(libshutdown2.o)
    0x080001c0   0x080001c0   0x00000000   Code   RO         3657    .ARM.Collect$$libshutdown$$0000000A  c_w.l(libshutdown2.o)
    0x080001c0   0x080001c0   0x00000000   Code   RO         3659    .ARM.Collect$$libshutdown$$0000000C  c_w.l(libshutdown2.o)
    0x080001c0   0x080001c0   0x00000000   Code   RO         3662    .ARM.Collect$$libshutdown$$0000000F  c_w.l(libshutdown2.o)
    0x080001c0   0x080001c0   0x00000002   Code   RO         3663    .ARM.Collect$$libshutdown$$00000010  c_w.l(libshutdown2.o)
    0x080001c2   0x080001c2   0x00000000   Code   RO         3472    .ARM.Collect$$rtentry$$00000000  c_w.l(__rtentry.o)
    0x080001c2   0x080001c2   0x00000000   Code   RO         3492    .ARM.Collect$$rtentry$$00000002  c_w.l(__rtentry2.o)
    0x080001c2   0x080001c2   0x00000006   Code   RO         3504    .ARM.Collect$$rtentry$$00000004  c_w.l(__rtentry4.o)
    0x080001c8   0x080001c8   0x00000000   Code   RO         3494    .ARM.Collect$$rtentry$$00000009  c_w.l(__rtentry2.o)
    0x080001c8   0x080001c8   0x00000004   Code   RO         3495    .ARM.Collect$$rtentry$$0000000A  c_w.l(__rtentry2.o)
    0x080001cc   0x080001cc   0x00000000   Code   RO         3497    .ARM.Collect$$rtentry$$0000000C  c_w.l(__rtentry2.o)
    0x080001cc   0x080001cc   0x00000008   Code   RO         3498    .ARM.Collect$$rtentry$$0000000D  c_w.l(__rtentry2.o)
    0x080001d4   0x080001d4   0x00000002   Code   RO         3609    .ARM.Collect$$rtexit$$00000000  c_w.l(rtexit.o)
    0x080001d6   0x080001d6   0x00000000   Code   RO         3616    .ARM.Collect$$rtexit$$00000002  c_w.l(rtexit2.o)
    0x080001d6   0x080001d6   0x00000004   Code   RO         3617    .ARM.Collect$$rtexit$$00000003  c_w.l(rtexit2.o)
    0x080001da   0x080001da   0x00000006   Code   RO         3618    .ARM.Collect$$rtexit$$00000004  c_w.l(rtexit2.o)
    0x080001e0   0x080001e0   0x00000040   Code   RO            4    .text               startup_stm32f103xb.o
    0x08000220   0x08000220   0x00000028   Code   RO         3408    .text               c_w.l(noretval__2sprintf.o)
    0x08000248   0x08000248   0x0000010e   Code   RO         3420    .text               c_w.l(__printf_wp.o)
    0x08000356   0x08000356   0x0000003e   Code   RO         3434    .text               c_w.l(strlen.o)
    0x08000394   0x08000394   0x0000008a   Code   RO         3436    .text               c_w.l(rt_memcpy_v6.o)
    0x0800041e   0x0800041e   0x00000044   Code   RO         3438    .text               c_w.l(rt_memclr.o)
    0x08000462   0x08000462   0x0000004e   Code   RO         3440    .text               c_w.l(rt_memclr_w.o)
    0x080004b0   0x080004b0   0x00000006   Code   RO         3442    .text               c_w.l(heapauxi.o)
    0x080004b6   0x080004b6   0x0000041e   Code   RO         3473    .text               c_w.l(_printf_fp_dec.o)
    0x080008d4   0x080008d4   0x00000030   Code   RO         3475    .text               c_w.l(_printf_char_common.o)
    0x08000904   0x08000904   0x0000000a   Code   RO         3477    .text               c_w.l(_sputc.o)
    0x0800090e   0x0800090e   0x00000064   Code   RO         3480    .text               c_w.l(rt_memcpy_w.o)
    0x08000972   0x08000972   0x00000002   PAD
    0x08000974   0x08000974   0x00000008   Code   RO         3509    .text               c_w.l(rt_locale_intlibspace.o)
    0x0800097c   0x0800097c   0x0000008a   Code   RO         3511    .text               c_w.l(lludiv10.o)
    0x08000a06   0x08000a06   0x00000002   PAD
    0x08000a08   0x08000a08   0x00000080   Code   RO         3513    .text               c_w.l(_printf_fp_infnan.o)
    0x08000a88   0x08000a88   0x000000e4   Code   RO         3517    .text               c_w.l(bigflt0.o)
    0x08000b6c   0x08000b6c   0x00000008   Code   RO         3549    .text               c_w.l(libspace.o)
    0x08000b74   0x08000b74   0x0000004a   Code   RO         3552    .text               c_w.l(sys_stackheap_outer.o)
    0x08000bbe   0x08000bbe   0x00000012   Code   RO         3554    .text               c_w.l(exit.o)
    0x08000bd0   0x08000bd0   0x00000080   Code   RO         3556    .text               c_w.l(strcmpv7m.o)
    0x08000c50   0x08000c50   0x0000000c   Code   RO         3628    .text               c_w.l(sys_exit.o)
    0x08000c5c   0x08000c5c   0x00000002   Code   RO         3639    .text               c_w.l(use_no_semi.o)
    0x08000c5e   0x08000c5e   0x00000000   Code   RO         3641    .text               c_w.l(indicate_semi.o)
    0x08000c5e   0x08000c5e   0x0000003e   Code   RO         3520    CL$$btod_d2e        c_w.l(btod.o)
    0x08000c9c   0x08000c9c   0x00000046   Code   RO         3522    CL$$btod_d2e_denorm_low  c_w.l(btod.o)
    0x08000ce2   0x08000ce2   0x00000060   Code   RO         3521    CL$$btod_d2e_norm_op1  c_w.l(btod.o)
    0x08000d42   0x08000d42   0x00000338   Code   RO         3530    CL$$btod_div_common  c_w.l(btod.o)
    0x0800107a   0x0800107a   0x000000dc   Code   RO         3527    CL$$btod_e2e        c_w.l(btod.o)
    0x08001156   0x08001156   0x0000002a   Code   RO         3524    CL$$btod_ediv       c_w.l(btod.o)
    0x08001180   0x08001180   0x0000002a   Code   RO         3523    CL$$btod_emul       c_w.l(btod.o)
    0x080011aa   0x080011aa   0x00000244   Code   RO         3529    CL$$btod_mult_common  c_w.l(btod.o)
    0x080013ee   0x080013ee   0x00000002   PAD
    0x080013f0   0x080013f0   0x0000000c   Code   RO          290    i.ADC1_2_IRQHandler  stm32f1xx_it.o
    0x080013fc   0x080013fc   0x00000056   Code   RO         2285    i.ADC_ConversionStop_Disable  stm32f1xx_hal_adc.o
    0x08001452   0x08001452   0x00000002   PAD
    0x08001454   0x08001454   0x0000007c   Code   RO         2289    i.ADC_Enable        stm32f1xx_hal_adc.o
    0x080014d0   0x080014d0   0x00000002   Code   RO          291    i.BusFault_Handler  stm32f1xx_it.o
    0x080014d2   0x080014d2   0x00000004   Code   RO          543    i.CDC_Control_FS    usbd_cdc_if.o
    0x080014d6   0x080014d6   0x00000004   Code   RO          544    i.CDC_DeInit_FS     usbd_cdc_if.o
    0x080014da   0x080014da   0x00000002   PAD
    0x080014dc   0x080014dc   0x00000024   Code   RO          545    i.CDC_Init_FS       usbd_cdc_if.o
    0x08001500   0x08001500   0x00000038   Code   RO          546    i.CDC_Receive_FS    usbd_cdc_if.o
    0x08001538   0x08001538   0x0000002c   Code   RO          547    i.CDC_Transmit_FS   usbd_cdc_if.o
    0x08001564   0x08001564   0x000000a2   Code   RO           18    i.CLCD_I2C_Init     clcd_i2c.o
    0x08001606   0x08001606   0x00000044   Code   RO           20    i.CLCD_I2C_SetCursor  clcd_i2c.o
    0x0800164a   0x0800164a   0x00000006   Code   RO           21    i.CLCD_I2C_WriteChar  clcd_i2c.o
    0x08001650   0x08001650   0x00000018   Code   RO           22    i.CLCD_I2C_WriteString  clcd_i2c.o
    0x08001668   0x08001668   0x0000006a   Code   RO           23    i.CLCD_WriteI2C     clcd_i2c.o
    0x080016d2   0x080016d2   0x00000002   Code   RO          292    i.DebugMon_Handler  stm32f1xx_it.o
    0x080016d4   0x080016d4   0x00000004   Code   RO          193    i.Error_Handler     main.o
    0x080016d8   0x080016d8   0x00000002   Code   RO         2467    i.HAL_ADCEx_InjectedConvCpltCallback  stm32f1xx_hal_adc_ex.o
    0x080016da   0x080016da   0x00000002   PAD
    0x080016dc   0x080016dc   0x000000fc   Code   RO         2291    i.HAL_ADC_ConfigChannel  stm32f1xx_hal_adc.o
    0x080017d8   0x080017d8   0x00000048   Code   RO          194    i.HAL_ADC_ConvCpltCallback  main.o
    0x08001820   0x08001820   0x00000006   Code   RO         2298    i.HAL_ADC_GetValue  stm32f1xx_hal_adc.o
    0x08001826   0x08001826   0x000000dc   Code   RO         2299    i.HAL_ADC_IRQHandler  stm32f1xx_hal_adc.o
    0x08001902   0x08001902   0x00000002   PAD
    0x08001904   0x08001904   0x0000011c   Code   RO         2300    i.HAL_ADC_Init      stm32f1xx_hal_adc.o
    0x08001a20   0x08001a20   0x00000002   Code   RO         2301    i.HAL_ADC_LevelOutOfWindowCallback  stm32f1xx_hal_adc.o
    0x08001a22   0x08001a22   0x00000002   PAD
    0x08001a24   0x08001a24   0x00000068   Code   RO          379    i.HAL_ADC_MspInit   stm32f1xx_hal_msp.o
    0x08001a8c   0x08001a8c   0x000000cc   Code   RO         2308    i.HAL_ADC_Start_IT  stm32f1xx_hal_adc.o
    0x08001b58   0x08001b58   0x00000024   Code   RO         1315    i.HAL_Delay         stm32f1xx_hal.o
    0x08001b7c   0x08001b7c   0x000001e0   Code   RO         1625    i.HAL_GPIO_Init     stm32f1xx_hal_gpio.o
    0x08001d5c   0x08001d5c   0x0000000a   Code   RO         1629    i.HAL_GPIO_WritePin  stm32f1xx_hal_gpio.o
    0x08001d66   0x08001d66   0x00000002   PAD
    0x08001d68   0x08001d68   0x0000000c   Code   RO         1319    i.HAL_GetTick       stm32f1xx_hal.o
    0x08001d74   0x08001d74   0x00000188   Code   RO         2572    i.HAL_I2C_Init      stm32f1xx_hal_i2c.o
    0x08001efc   0x08001efc   0x0000012c   Code   RO         2585    i.HAL_I2C_Master_Transmit  stm32f1xx_hal_i2c.o
    0x08002028   0x08002028   0x0000025c   Code   RO         2590    i.HAL_I2C_Mem_Read  stm32f1xx_hal_i2c.o
    0x08002284   0x08002284   0x00000130   Code   RO         2593    i.HAL_I2C_Mem_Write  stm32f1xx_hal_i2c.o
    0x080023b4   0x080023b4   0x00000098   Code   RO          381    i.HAL_I2C_MspInit   stm32f1xx_hal_msp.o
    0x0800244c   0x0800244c   0x00000010   Code   RO         1325    i.HAL_IncTick       stm32f1xx_hal.o
    0x0800245c   0x0800245c   0x00000024   Code   RO         1326    i.HAL_Init          stm32f1xx_hal.o
    0x08002480   0x08002480   0x00000040   Code   RO         1327    i.HAL_InitTick      stm32f1xx_hal.o
    0x080024c0   0x080024c0   0x0000003c   Code   RO          382    i.HAL_MspInit       stm32f1xx_hal_msp.o
    0x080024fc   0x080024fc   0x0000001a   Code   RO         1785    i.HAL_NVIC_EnableIRQ  stm32f1xx_hal_cortex.o
    0x08002516   0x08002516   0x00000002   PAD
    0x08002518   0x08002518   0x00000040   Code   RO         1791    i.HAL_NVIC_SetPriority  stm32f1xx_hal_cortex.o
    0x08002558   0x08002558   0x00000024   Code   RO         1792    i.HAL_NVIC_SetPriorityGrouping  stm32f1xx_hal_cortex.o
    0x0800257c   0x0800257c   0x0000003c   Code   RO         1082    i.HAL_PCDEx_PMAConfig  stm32f1xx_hal_pcd_ex.o
    0x080025b8   0x080025b8   0x00000002   Code   RO          595    i.HAL_PCDEx_SetConnectionState  usbd_conf.o
    0x080025ba   0x080025ba   0x00000012   Code   RO          597    i.HAL_PCD_DataInStageCallback  usbd_conf.o
    0x080025cc   0x080025cc   0x00000014   Code   RO          598    i.HAL_PCD_DataOutStageCallback  usbd_conf.o
    0x080025e0   0x080025e0   0x0000004a   Code   RO          853    i.HAL_PCD_EP_Close  stm32f1xx_hal_pcd.o
    0x0800262a   0x0800262a   0x0000005a   Code   RO          854    i.HAL_PCD_EP_ClrStall  stm32f1xx_hal_pcd.o
    0x08002684   0x08002684   0x000000e6   Code   RO          855    i.HAL_PCD_EP_DB_Receive  stm32f1xx_hal_pcd.o
    0x0800276a   0x0800276a   0x00000338   Code   RO          856    i.HAL_PCD_EP_DB_Transmit  stm32f1xx_hal_pcd.o
    0x08002aa2   0x08002aa2   0x00000012   Code   RO          858    i.HAL_PCD_EP_GetRxCount  stm32f1xx_hal_pcd.o
    0x08002ab4   0x08002ab4   0x00000058   Code   RO          859    i.HAL_PCD_EP_Open   stm32f1xx_hal_pcd.o
    0x08002b0c   0x08002b0c   0x0000002e   Code   RO          860    i.HAL_PCD_EP_Receive  stm32f1xx_hal_pcd.o
    0x08002b3a   0x08002b3a   0x00000070   Code   RO          861    i.HAL_PCD_EP_SetStall  stm32f1xx_hal_pcd.o
    0x08002baa   0x08002baa   0x0000002e   Code   RO          862    i.HAL_PCD_EP_Transmit  stm32f1xx_hal_pcd.o
    0x08002bd8   0x08002bd8   0x00000134   Code   RO          864    i.HAL_PCD_IRQHandler  stm32f1xx_hal_pcd.o
    0x08002d0c   0x08002d0c   0x000000ba   Code   RO          867    i.HAL_PCD_Init      stm32f1xx_hal_pcd.o
    0x08002dc6   0x08002dc6   0x00000002   PAD
    0x08002dc8   0x08002dc8   0x0000003c   Code   RO          603    i.HAL_PCD_MspInit   usbd_conf.o
    0x08002e04   0x08002e04   0x00000026   Code   RO          604    i.HAL_PCD_ResetCallback  usbd_conf.o
    0x08002e2a   0x08002e2a   0x00000008   Code   RO          605    i.HAL_PCD_ResumeCallback  usbd_conf.o
    0x08002e32   0x08002e32   0x00000008   Code   RO          606    i.HAL_PCD_SOFCallback  usbd_conf.o
    0x08002e3a   0x08002e3a   0x00000026   Code   RO          873    i.HAL_PCD_SetAddress  stm32f1xx_hal_pcd.o
    0x08002e60   0x08002e60   0x0000000e   Code   RO          607    i.HAL_PCD_SetupStageCallback  usbd_conf.o
    0x08002e6e   0x08002e6e   0x00000032   Code   RO          875    i.HAL_PCD_Start     stm32f1xx_hal_pcd.o
    0x08002ea0   0x08002ea0   0x00000024   Code   RO          608    i.HAL_PCD_SuspendCallback  usbd_conf.o
    0x08002ec4   0x08002ec4   0x000000ec   Code   RO         1587    i.HAL_RCCEx_PeriphCLKConfig  stm32f1xx_hal_rcc_ex.o
    0x08002fb0   0x08002fb0   0x0000012c   Code   RO         1483    i.HAL_RCC_ClockConfig  stm32f1xx_hal_rcc.o
    0x080030dc   0x080030dc   0x00000020   Code   RO         1490    i.HAL_RCC_GetPCLK1Freq  stm32f1xx_hal_rcc.o
    0x080030fc   0x080030fc   0x0000004c   Code   RO         1492    i.HAL_RCC_GetSysClockFreq  stm32f1xx_hal_rcc.o
    0x08003148   0x08003148   0x00000320   Code   RO         1495    i.HAL_RCC_OscConfig  stm32f1xx_hal_rcc.o
    0x08003468   0x08003468   0x00000028   Code   RO         1796    i.HAL_SYSTICK_Config  stm32f1xx_hal_cortex.o
    0x08003490   0x08003490   0x00000002   Code   RO          293    i.HardFault_Handler  stm32f1xx_it.o
    0x08003492   0x08003492   0x0000002e   Code   RO         2615    i.I2C_IsAcknowledgeFailed  stm32f1xx_hal_i2c.o
    0x080034c0   0x080034c0   0x0000009c   Code   RO         2619    i.I2C_MasterRequestWrite  stm32f1xx_hal_i2c.o
    0x0800355c   0x0800355c   0x000000fc   Code   RO         2625    i.I2C_RequestMemoryRead  stm32f1xx_hal_i2c.o
    0x08003658   0x08003658   0x000000a8   Code   RO         2626    i.I2C_RequestMemoryWrite  stm32f1xx_hal_i2c.o
    0x08003700   0x08003700   0x00000056   Code   RO         2630    i.I2C_WaitOnBTFFlagUntilTimeout  stm32f1xx_hal_i2c.o
    0x08003756   0x08003756   0x00000002   PAD
    0x08003758   0x08003758   0x00000090   Code   RO         2631    i.I2C_WaitOnFlagUntilTimeout  stm32f1xx_hal_i2c.o
    0x080037e8   0x080037e8   0x000000bc   Code   RO         2632    i.I2C_WaitOnMasterAddressFlagUntilTimeout  stm32f1xx_hal_i2c.o
    0x080038a4   0x080038a4   0x00000070   Code   RO         2633    i.I2C_WaitOnRXNEFlagUntilTimeout  stm32f1xx_hal_i2c.o
    0x08003914   0x08003914   0x00000056   Code   RO         2634    i.I2C_WaitOnTXEFlagUntilTimeout  stm32f1xx_hal_i2c.o
    0x0800396a   0x0800396a   0x00000002   PAD
    0x0800396c   0x0800396c   0x00000038   Code   RO          457    i.IntToUnicode      usbd_desc.o
    0x080039a4   0x080039a4   0x00000050   Code   RO          195    i.MX_ADC1_Init      main.o
    0x080039f4   0x080039f4   0x00000080   Code   RO          196    i.MX_GPIO_Init      main.o
    0x08003a74   0x08003a74   0x00000054   Code   RO          426    i.MX_USB_DEVICE_Init  usb_device.o
    0x08003ac8   0x08003ac8   0x00000002   Code   RO          294    i.MemManage_Handler  stm32f1xx_it.o
    0x08003aca   0x08003aca   0x00000002   Code   RO          295    i.NMI_Handler       stm32f1xx_it.o
    0x08003acc   0x08003acc   0x000003a6   Code   RO          879    i.PCD_EP_ISR_Handler  stm32f1xx_hal_pcd.o
    0x08003e72   0x08003e72   0x00000002   Code   RO          296    i.PendSV_Handler    stm32f1xx_it.o
    0x08003e74   0x08003e74   0x00000002   Code   RO          297    i.SVC_Handler       stm32f1xx_it.o
    0x08003e76   0x08003e76   0x00000004   Code   RO          298    i.SysTick_Handler   stm32f1xx_it.o
    0x08003e7a   0x08003e7a   0x0000007c   Code   RO          197    i.SystemClock_Config  main.o
    0x08003ef6   0x08003ef6   0x00000002   Code   RO         2999    i.SystemInit        system_stm32f1xx.o
    0x08003ef8   0x08003ef8   0x00000046   Code   RO         3299    i.USBD_CDC_DataIn   usbd_cdc.o
    0x08003f3e   0x08003f3e   0x0000002e   Code   RO         3300    i.USBD_CDC_DataOut  usbd_cdc.o
    0x08003f6c   0x08003f6c   0x00000044   Code   RO         3301    i.USBD_CDC_DeInit   usbd_cdc.o
    0x08003fb0   0x08003fb0   0x00000024   Code   RO         3302    i.USBD_CDC_EP0_RxReady  usbd_cdc.o
    0x08003fd4   0x08003fd4   0x0000000c   Code   RO         3303    i.USBD_CDC_GetDeviceQualifierDescriptor  usbd_cdc.o
    0x08003fe0   0x08003fe0   0x0000000c   Code   RO         3304    i.USBD_CDC_GetFSCfgDesc  usbd_cdc.o
    0x08003fec   0x08003fec   0x0000000c   Code   RO         3305    i.USBD_CDC_GetHSCfgDesc  usbd_cdc.o
    0x08003ff8   0x08003ff8   0x0000000c   Code   RO         3306    i.USBD_CDC_GetOtherSpeedCfgDesc  usbd_cdc.o
    0x08004004   0x08004004   0x00000094   Code   RO         3307    i.USBD_CDC_Init     usbd_cdc.o
    0x08004098   0x08004098   0x00000028   Code   RO         3308    i.USBD_CDC_ReceivePacket  usbd_cdc.o
    0x080040c0   0x080040c0   0x00000010   Code   RO         3309    i.USBD_CDC_RegisterInterface  usbd_cdc.o
    0x080040d0   0x080040d0   0x0000000c   Code   RO         3310    i.USBD_CDC_SetRxBuffer  usbd_cdc.o
    0x080040dc   0x080040dc   0x00000010   Code   RO         3311    i.USBD_CDC_SetTxBuffer  usbd_cdc.o
    0x080040ec   0x080040ec   0x000000ac   Code   RO         3312    i.USBD_CDC_Setup    usbd_cdc.o
    0x08004198   0x08004198   0x00000036   Code   RO         3313    i.USBD_CDC_TransmitPacket  usbd_cdc.o
    0x080041ce   0x080041ce   0x0000000e   Code   RO         3036    i.USBD_ClrClassConfig  usbd_core.o
    0x080041dc   0x080041dc   0x00000010   Code   RO         3239    i.USBD_CtlContinueRx  usbd_ioreq.o
    0x080041ec   0x080041ec   0x00000010   Code   RO         3240    i.USBD_CtlContinueSendData  usbd_ioreq.o
    0x080041fc   0x080041fc   0x00000016   Code   RO         3174    i.USBD_CtlError     usbd_ctlreq.o
    0x08004212   0x08004212   0x0000001e   Code   RO         3241    i.USBD_CtlPrepareRx  usbd_ioreq.o
    0x08004230   0x08004230   0x00000016   Code   RO         3242    i.USBD_CtlReceiveStatus  usbd_ioreq.o
    0x08004246   0x08004246   0x0000001a   Code   RO         3243    i.USBD_CtlSendData  usbd_ioreq.o
    0x08004260   0x08004260   0x00000016   Code   RO         3244    i.USBD_CtlSendStatus  usbd_ioreq.o
    0x08004276   0x08004276   0x00000002   PAD
    0x08004278   0x08004278   0x00000020   Code   RO          458    i.USBD_FS_ConfigStrDescriptor  usbd_desc.o
    0x08004298   0x08004298   0x0000000c   Code   RO          459    i.USBD_FS_DeviceDescriptor  usbd_desc.o
    0x080042a4   0x080042a4   0x00000024   Code   RO          460    i.USBD_FS_InterfaceStrDescriptor  usbd_desc.o
    0x080042c8   0x080042c8   0x0000000c   Code   RO          461    i.USBD_FS_LangIDStrDescriptor  usbd_desc.o
    0x080042d4   0x080042d4   0x00000028   Code   RO          462    i.USBD_FS_ManufacturerStrDescriptor  usbd_desc.o
    0x080042fc   0x080042fc   0x0000002c   Code   RO          463    i.USBD_FS_ProductStrDescriptor  usbd_desc.o
    0x08004328   0x08004328   0x00000038   Code   RO          464    i.USBD_FS_SerialStrDescriptor  usbd_desc.o
    0x08004360   0x08004360   0x000000e8   Code   RO         3175    i.USBD_GetDescriptor  usbd_ctlreq.o
    0x08004448   0x08004448   0x00000048   Code   RO         3176    i.USBD_GetString    usbd_ctlreq.o
    0x08004490   0x08004490   0x00000018   Code   RO          609    i.USBD_Get_USB_Status  usbd_conf.o
    0x080044a8   0x080044a8   0x0000002a   Code   RO         3038    i.USBD_Init         usbd_core.o
    0x080044d2   0x080044d2   0x00000012   Code   RO          610    i.USBD_LL_ClearStallEP  usbd_conf.o
    0x080044e4   0x080044e4   0x00000012   Code   RO          611    i.USBD_LL_CloseEP   usbd_conf.o
    0x080044f6   0x080044f6   0x000000c6   Code   RO         3039    i.USBD_LL_DataInStage  usbd_core.o
    0x080045bc   0x080045bc   0x00000082   Code   RO         3040    i.USBD_LL_DataOutStage  usbd_core.o
    0x0800463e   0x0800463e   0x00000008   Code   RO          615    i.USBD_LL_GetRxDataSize  usbd_conf.o
    0x08004646   0x08004646   0x00000002   PAD
    0x08004648   0x08004648   0x00000080   Code   RO          616    i.USBD_LL_Init      usbd_conf.o
    0x080046c8   0x080046c8   0x0000001e   Code   RO          617    i.USBD_LL_IsStallEP  usbd_conf.o
    0x080046e6   0x080046e6   0x00000018   Code   RO          618    i.USBD_LL_OpenEP    usbd_conf.o
    0x080046fe   0x080046fe   0x00000012   Code   RO          619    i.USBD_LL_PrepareReceive  usbd_conf.o
    0x08004710   0x08004710   0x00000050   Code   RO         3045    i.USBD_LL_Reset     usbd_core.o
    0x08004760   0x08004760   0x00000014   Code   RO         3046    i.USBD_LL_Resume    usbd_core.o
    0x08004774   0x08004774   0x00000018   Code   RO         3047    i.USBD_LL_SOF       usbd_core.o
    0x0800478c   0x0800478c   0x00000006   Code   RO         3048    i.USBD_LL_SetSpeed  usbd_core.o
    0x08004792   0x08004792   0x00000012   Code   RO          620    i.USBD_LL_SetUSBAddress  usbd_conf.o
    0x080047a4   0x080047a4   0x0000005a   Code   RO         3049    i.USBD_LL_SetupStage  usbd_core.o
    0x080047fe   0x080047fe   0x00000012   Code   RO          621    i.USBD_LL_StallEP   usbd_conf.o
    0x08004810   0x08004810   0x00000012   Code   RO          622    i.USBD_LL_Start     usbd_conf.o
    0x08004822   0x08004822   0x00000012   Code   RO         3050    i.USBD_LL_Suspend   usbd_core.o
    0x08004834   0x08004834   0x00000012   Code   RO          624    i.USBD_LL_Transmit  usbd_conf.o
    0x08004846   0x08004846   0x00000028   Code   RO         3177    i.USBD_ParseSetupRequest  usbd_ctlreq.o
    0x0800486e   0x0800486e   0x00000010   Code   RO         3051    i.USBD_RegisterClass  usbd_core.o
    0x0800487e   0x0800487e   0x00000016   Code   RO         3053    i.USBD_SetClassConfig  usbd_core.o
    0x08004894   0x08004894   0x00000084   Code   RO         3178    i.USBD_SetConfig    usbd_ctlreq.o
    0x08004918   0x08004918   0x0000000a   Code   RO         3054    i.USBD_Start        usbd_core.o
    0x08004922   0x08004922   0x00000112   Code   RO         3179    i.USBD_StdDevReq    usbd_ctlreq.o
    0x08004a34   0x08004a34   0x00000150   Code   RO         3180    i.USBD_StdEPReq     usbd_ctlreq.o
    0x08004b84   0x08004b84   0x0000004e   Code   RO         3181    i.USBD_StdItfReq    usbd_ctlreq.o
    0x08004bd2   0x08004bd2   0x00000002   Code   RO          625    i.USBD_static_free  usbd_conf.o
    0x08004bd4   0x08004bd4   0x00000008   Code   RO          626    i.USBD_static_malloc  usbd_conf.o
    0x08004bdc   0x08004bdc   0x0000029c   Code   RO         1122    i.USB_ActivateEndpoint  stm32f1xx_ll_usb.o
    0x08004e78   0x08004e78   0x00000004   Code   RO         1125    i.USB_CoreInit      stm32f1xx_ll_usb.o
    0x08004e7c   0x08004e7c   0x0000010e   Code   RO         1127    i.USB_DeactivateEndpoint  stm32f1xx_ll_usb.o
    0x08004f8a   0x08004f8a   0x00000004   Code   RO         1128    i.USB_DevConnect    stm32f1xx_ll_usb.o
    0x08004f8e   0x08004f8e   0x00000004   Code   RO         1129    i.USB_DevDisconnect  stm32f1xx_ll_usb.o
    0x08004f92   0x08004f92   0x00000012   Code   RO         1130    i.USB_DevInit       stm32f1xx_ll_usb.o
    0x08004fa4   0x08004fa4   0x0000000e   Code   RO         1131    i.USB_DisableGlobalInt  stm32f1xx_ll_usb.o
    0x08004fb2   0x08004fb2   0x00000004   Code   RO         1132    i.USB_EP0_OutStart  stm32f1xx_ll_usb.o
    0x08004fb6   0x08004fb6   0x00000078   Code   RO         1133    i.USB_EPClearStall  stm32f1xx_ll_usb.o
    0x0800502e   0x0800502e   0x00000032   Code   RO         1134    i.USB_EPSetStall    stm32f1xx_ll_usb.o
    0x08005060   0x08005060   0x000004e2   Code   RO         1135    i.USB_EPStartXfer   stm32f1xx_ll_usb.o
    0x08005542   0x08005542   0x00000012   Code   RO         1137    i.USB_EnableGlobalInt  stm32f1xx_ll_usb.o
    0x08005554   0x08005554   0x0000000c   Code   RO          299    i.USB_LP_CAN1_RX0_IRQHandler  stm32f1xx_it.o
    0x08005560   0x08005560   0x00000006   Code   RO         1144    i.USB_ReadInterrupts  stm32f1xx_ll_usb.o
    0x08005566   0x08005566   0x00000002   PAD
    0x08005568   0x08005568   0x0000002c   Code   RO         1145    i.USB_ReadPMA       stm32f1xx_ll_usb.o
    0x08005594   0x08005594   0x00000004   Code   RO         1146    i.USB_SetCurrentMode  stm32f1xx_ll_usb.o
    0x08005598   0x08005598   0x0000000c   Code   RO         1147    i.USB_SetDevAddress  stm32f1xx_ll_usb.o
    0x080055a4   0x080055a4   0x00000026   Code   RO         1149    i.USB_WritePMA      stm32f1xx_ll_usb.o
    0x080055ca   0x080055ca   0x00000002   Code   RO          300    i.UsageFault_Handler  stm32f1xx_it.o
    0x080055cc   0x080055cc   0x00000028   Code   RO         3547    i.__ARM_fpclassify  m_ws.l(fpclassify.o)
    0x080055f4   0x080055f4   0x00000020   Code   RO         1798    i.__NVIC_SetPriority  stm32f1xx_hal_cortex.o
    0x08005614   0x08005614   0x0000000e   Code   RO         3422    i._is_digit         c_w.l(__printf_wp.o)
    0x08005622   0x08005622   0x00000002   PAD
    0x08005624   0x08005624   0x0000030c   Code   RO          198    i.main              main.o
    0x08005930   0x08005930   0x0000002c   Code   RO         3543    locale$$code        c_w.l(lc_numeric_c.o)
    0x0800595c   0x0800595c   0x00000062   Code   RO         3446    x$fpl$d2f           fz_ws.l(d2f.o)
    0x080059be   0x080059be   0x00000002   PAD
    0x080059c0   0x080059c0   0x000002b0   Code   RO         3449    x$fpl$ddiv          fz_ws.l(ddiv.o)
    0x08005c70   0x08005c70   0x00000026   Code   RO         3452    x$fpl$dfltu         fz_ws.l(dflt_clz.o)
    0x08005c96   0x08005c96   0x00000002   PAD
    0x08005c98   0x08005c98   0x00000154   Code   RO         3458    x$fpl$dmul          fz_ws.l(dmul.o)
    0x08005dec   0x08005dec   0x0000009c   Code   RO         3482    x$fpl$dnaninf       fz_ws.l(dnaninf.o)
    0x08005e88   0x08005e88   0x0000000c   Code   RO         3484    x$fpl$dretinf       fz_ws.l(dretinf.o)
    0x08005e94   0x08005e94   0x00000056   Code   RO         3460    x$fpl$f2d           fz_ws.l(f2d.o)
    0x08005eea   0x08005eea   0x00000002   PAD
    0x08005eec   0x08005eec   0x000000c4   Code   RO         3462    x$fpl$fadd          fz_ws.l(faddsub_clz.o)
    0x08005fb0   0x08005fb0   0x00000102   Code   RO         3468    x$fpl$fmul          fz_ws.l(fmul.o)
    0x080060b2   0x080060b2   0x0000008c   Code   RO         3486    x$fpl$fnaninf       fz_ws.l(fnaninf.o)
    0x0800613e   0x0800613e   0x0000000a   Code   RO         3488    x$fpl$fretinf       fz_ws.l(fretinf.o)
    0x08006148   0x08006148   0x000000ea   Code   RO         3464    x$fpl$fsub          fz_ws.l(faddsub_clz.o)
    0x08006232   0x08006232   0x00000004   Code   RO         3470    x$fpl$printf1       fz_ws.l(printf1.o)
    0x08006236   0x08006236   0x00000000   Code   RO         3490    x$fpl$usenofp       fz_ws.l(usenofp.o)
    0x08006236   0x08006236   0x00000012   Data   RO         1496    .constdata          stm32f1xx_hal_rcc.o
    0x08006248   0x08006248   0x00000010   Data   RO         3000    .constdata          system_stm32f1xx.o
    0x08006258   0x08006258   0x00000008   Data   RO         3001    .constdata          system_stm32f1xx.o
    0x08006260   0x08006260   0x00000094   Data   RO         3518    .constdata          c_w.l(bigflt0.o)
    0x080062f4   0x080062f4   0x00000020   Data   RO         3688    Region$$Table       anon$$obj.o
    0x08006314   0x08006314   0x0000001c   Data   RO         3542    locale$$data        c_w.l(lc_numeric_c.o)


    Execution Region RW_IRAM1 (Exec base: 0x20000000, Load base: 0x08006330, Size: 0x00001398, Max: 0x00005000, ABSOLUTE, COMPRESSED[0x000000c0])

    Exec Addr    Load Addr    Size         Type   Attr      Idx    E Section Name        Object

    0x20000000   COMPRESSED   0x0000001c   Data   RW          200    .data               main.o
    0x2000001c   COMPRESSED   0x0000001c   Data   RW          466    .data               usbd_desc.o
    0x20000038   COMPRESSED   0x00000032   Data   RW          467    .data               usbd_desc.o
    0x2000006a   COMPRESSED   0x00000002   PAD
    0x2000006c   COMPRESSED   0x00000010   Data   RW          549    .data               usbd_cdc_if.o
    0x2000007c   COMPRESSED   0x0000000c   Data   RW         1333    .data               stm32f1xx_hal.o
    0x20000088   COMPRESSED   0x00000004   Data   RW         3002    .data               system_stm32f1xx.o
    0x2000008c   COMPRESSED   0x00000001   Data   RW         3182    .data               usbd_ctlreq.o
    0x2000008d   COMPRESSED   0x00000003   PAD
    0x20000090   COMPRESSED   0x000000d7   Data   RW         3314    .data               usbd_cdc.o
    0x20000167   COMPRESSED   0x00000001   PAD
    0x20000168   COMPRESSED   0x00000038   Data   RW         3315    .data               usbd_cdc.o
    0x200001a0        -       0x00000158   Zero   RW          199    .bss                main.o
    0x200002f8        -       0x000002c4   Zero   RW          427    .bss                usb_device.o
    0x200005bc        -       0x00000200   Zero   RW          465    .bss                usbd_desc.o
    0x200007bc        -       0x00000080   Zero   RW          548    .bss                usbd_cdc_if.o
    0x2000083c        -       0x000004f8   Zero   RW          627    .bss                usbd_conf.o
    0x20000d34        -       0x00000060   Zero   RW         3550    .bss                c_w.l(libspace.o)
    0x20000d94   COMPRESSED   0x00000004   PAD
    0x20000d98        -       0x00000200   Zero   RW            2    HEAP                startup_stm32f103xb.o
    0x20000f98        -       0x00000400   Zero   RW            1    STACK               startup_stm32f103xb.o


==============================================================================

Image component sizes


      Code (inc. data)   RO Data    RW Data    ZI Data      Debug   Object Name

       366          0          0          0          0     432237   clcd_i2c.o
      1188        184          0         28        344      10951   main.o
        64         26        236          0       1536        784   startup_stm32f103xb.o
       164         28          0         12          0       5697   stm32f1xx_hal.o
      1178         44          0          0          0       6591   stm32f1xx_hal_adc.o
         2          0          0          0          0       1005   stm32f1xx_hal_adc_ex.o
       198         14          0          0          0      28779   stm32f1xx_hal_cortex.o
       490         34          0          0          0       2808   stm32f1xx_hal_gpio.o
      2838         72          0          0          0      14624   stm32f1xx_hal_i2c.o
       316         38          0          0          0       2242   stm32f1xx_hal_msp.o
      3044          0          0          0          0      13861   stm32f1xx_hal_pcd.o
        60          0          0          0          0       1122   stm32f1xx_hal_pcd_ex.o
      1208         72         18          0          0       4421   stm32f1xx_hal_rcc.o
       236         12          0          0          0       1332   stm32f1xx_hal_rcc_ex.o
        44         12          0          0          0       4471   stm32f1xx_it.o
      2528          0          0          0          0      15651   stm32f1xx_ll_usb.o
         2          0         24          4          0       1035   system_stm32f1xx.o
        84         18          0          0        708        740   usb_device.o
       726         16          0        271          0      12578   usbd_cdc.o
       144         24          0         16        128       3156   usbd_cdc_if.o
       554         30          0          0       1272      13557   usbd_conf.o
       670          0          0          0          0       9095   usbd_core.o
      1186         28          0          1          0       7688   usbd_ctlreq.o
       288        104          0         78        512       5665   usbd_desc.o
       132          0          0          0          0       4140   usbd_ioreq.o

    ----------------------------------------------------------------------
     17736        756        310        416       4500     604230   Object Totals
         0          0         32          0          0          0   (incl. Generated)
        26          0          0          6          0          0   (incl. Padding)

    ----------------------------------------------------------------------

      Code (inc. data)   RO Data    RW Data    ZI Data      Debug   Library Member Name

        90          0          0          0          0          0   __dczerorl2.o
         8          0          0          0          0         68   __main.o
       284          0          0          0          0        156   __printf_wp.o
         0          0          0          0          0          0   __rtentry.o
        12          0          0          0          0          0   __rtentry2.o
         6          0          0          0          0          0   __rtentry4.o
        52          8          0          0          0          0   __scatter.o
        28          0          0          0          0          0   __scatter_zi.o
        48          6          0          0          0         96   _printf_char_common.o
         6          0          0          0          0          0   _printf_f.o
      1054          0          0          0          0        216   _printf_fp_dec.o
       128         16          0          0          0         84   _printf_fp_infnan.o
         0          0          0          0          0          0   _printf_percent.o
         4          0          0          0          0          0   _printf_percent_end.o
        10          0          0          0          0         68   _sputc.o
       228          4        148          0          0         96   bigflt0.o
      1936        128          0          0          0        672   btod.o
        18          0          0          0          0         80   exit.o
         6          0          0          0          0        152   heapauxi.o
         0          0          0          0          0          0   indicate_semi.o
        44         10         28          0          0         76   lc_numeric_c.o
         2          0          0          0          0          0   libinit.o
        18          0          0          0          0          0   libinit2.o
         2          0          0          0          0          0   libshutdown.o
         2          0          0          0          0          0   libshutdown2.o
         8          4          0          0         96         68   libspace.o
       138          0          0          0          0         80   lludiv10.o
        40          6          0          0          0         84   noretval__2sprintf.o
         8          4          0          0          0         68   rt_locale_intlibspace.o
        68          0          0          0          0         68   rt_memclr.o
        78          0          0          0          0         80   rt_memclr_w.o
       138          0          0          0          0         68   rt_memcpy_v6.o
       100          0          0          0          0         80   rt_memcpy_w.o
         2          0          0          0          0          0   rtexit.o
        10          0          0          0          0          0   rtexit2.o
       128          0          0          0          0         68   strcmpv7m.o
        62          0          0          0          0         76   strlen.o
        12          4          0          0          0         68   sys_exit.o
        74          0          0          0          0         80   sys_stackheap_outer.o
         2          0          0          0          0         68   use_no_semi.o
        98          4          0          0          0         92   d2f.o
       688        140          0          0          0        208   ddiv.o
        38          0          0          0          0         68   dflt_clz.o
       340         12          0          0          0        104   dmul.o
       156          4          0          0          0         92   dnaninf.o
        12          0          0          0          0         68   dretinf.o
        86          4          0          0          0         84   f2d.o
       430          8          0          0          0        168   faddsub_clz.o
       258          4          0          0          0         84   fmul.o
       140          4          0          0          0         84   fnaninf.o
        10          0          0          0          0         68   fretinf.o
         4          0          0          0          0         68   printf1.o
         0          0          0          0          0          0   usenofp.o
        40          0          0          0          0         68   fpclassify.o

    ----------------------------------------------------------------------
      7170        370        176          0        100       3976   Library Totals
        16          0          0          0          4          0   (incl. Padding)

    ----------------------------------------------------------------------

      Code (inc. data)   RO Data    RW Data    ZI Data      Debug   Library Name

      4854        190        176          0         96       2720   c_w.l
      2260        180          0          0          0       1188   fz_ws.l
        40          0          0          0          0         68   m_ws.l

    ----------------------------------------------------------------------
      7170        370        176          0        100       3976   Library Totals

    ----------------------------------------------------------------------

==============================================================================


      Code (inc. data)   RO Data    RW Data    ZI Data      Debug   

     24906       1126        486        416       4600     597126   Grand Totals
     24906       1126        486        192       4600     597126   ELF Image Totals (compressed)
     24906       1126        486        192          0          0   ROM Totals

==============================================================================

    Total RO  Size (Code + RO Data)                25392 (  24.80kB)
    Total RW  Size (RW Data + ZI Data)              5016 (   4.90kB)
    Total ROM Size (Code + RO Data + RW Data)      25584 (  24.98kB)

==============================================================================

